Component: ARM Compiler 5.06 update 5 (build 528) Tool: armlink [4d35e2]

==============================================================================

Section Cross References

    startup_stm32f103xe.o(RESET) refers to startup_stm32f103xe.o(STACK) for __initial_sp
    startup_stm32f103xe.o(RESET) refers to startup_stm32f103xe.o(.text) for Reset_Handler
    startup_stm32f103xe.o(RESET) refers to stm32f1xx_it.o(i.NMI_Handler) for NMI_Handler
    startup_stm32f103xe.o(RESET) refers to stm32f1xx_it.o(i.HardFault_Handler) for HardFault_Handler
    startup_stm32f103xe.o(RESET) refers to stm32f1xx_it.o(i.MemManage_Handler) for MemManage_Handler
    startup_stm32f103xe.o(RESET) refers to stm32f1xx_it.o(i.BusFault_Handler) for BusFault_Handler
    startup_stm32f103xe.o(RESET) refers to stm32f1xx_it.o(i.UsageFault_Handler) for UsageFault_Handler
    startup_stm32f103xe.o(RESET) refers to port.o(.emb_text) for SVC_Handler
    startup_stm32f103xe.o(RESET) refers to stm32f1xx_it.o(i.DebugMon_Handler) for DebugMon_Handler
    startup_stm32f103xe.o(RESET) refers to port.o(i.SysTick_Handler) for SysTick_Handler
    startup_stm32f103xe.o(RESET) refers to stm32f1xx_it.o(i.USART1_IRQHandler) for USART1_IRQHandler
    startup_stm32f103xe.o(RESET) refers to stm32f1xx_it.o(i.USART2_IRQHandler) for USART2_IRQHandler
    startup_stm32f103xe.o(RESET) refers to stm32f1xx_it.o(i.USART3_IRQHandler) for USART3_IRQHandler
    startup_stm32f103xe.o(RESET) refers to stm32f1xx_it.o(i.TIM8_UP_IRQHandler) for TIM8_UP_IRQHandler
    startup_stm32f103xe.o(RESET) refers to stm32f1xx_it.o(i.UART4_IRQHandler) for UART4_IRQHandler
    startup_stm32f103xe.o(.text) refers to system_stm32f1xx.o(i.SystemInit) for SystemInit
    startup_stm32f103xe.o(.text) refers to entry.o(.ARM.Collect$$$$00000000) for __main
    task_statemachine.o(i.Avoid_Obstacle) refers to task_statemachine.o(.data) for .data
    task_statemachine.o(i.Avoid_Obstacle) refers to main.o(.bss) for Re_buf2
    task_statemachine.o(i.GetGaitMode) refers to task_statemachine.o(.data) for .data
    task_statemachine.o(i.GetMainState) refers to task_statemachine.o(.data) for .data
    task_statemachine.o(i.MainState_Update) refers to task_statemachine.o(.data) for .data
    task_statemachine.o(i.Task_StateMachine_Start) refers to stm32f1xx_hal_uart.o(i.HAL_UART_Receive_IT) for HAL_UART_Receive_IT
    task_statemachine.o(i.Task_StateMachine_Start) refers to tasks.o(i.xTaskGetTickCount) for xTaskGetTickCount
    task_statemachine.o(i.Task_StateMachine_Start) refers to cmsis_os.o(i.osMailGet) for osMailGet
    task_statemachine.o(i.Task_StateMachine_Start) refers to task_statemachine.o(i.MainState_Update) for MainState_Update
    task_statemachine.o(i.Task_StateMachine_Start) refers to task_statemachine.o(i.Avoid_Obstacle) for Avoid_Obstacle
    task_statemachine.o(i.Task_StateMachine_Start) refers to tasks.o(i.vTaskDelayUntil) for vTaskDelayUntil
    task_statemachine.o(i.Task_StateMachine_Start) refers to task_statemachine.o(.data) for .data
    task_statemachine.o(i.Task_StateMachine_Start) refers to main.o(.bss) for data
    task_statemachine.o(i.Task_StateMachine_Start) refers to usart.o(.bss) for huart2
    task_statemachine.o(i.Task_StateMachine_Start) refers to freertos.o(.data) for myMail01Handle
    task_statemachine.o(i.Task_StateMachine_Start) refers to task_statemachine.o(.bss) for .bss
    task_init.o(i.Servo_Init) refers to stm32f1xx_hal_tim.o(i.HAL_TIM_PWM_Start) for HAL_TIM_PWM_Start
    task_init.o(i.Servo_Init) refers to tim.o(.bss) for htim1
    task_init.o(i.Task_Init_Start) refers to port.o(i.vPortEnterCritical) for vPortEnterCritical
    task_init.o(i.Task_Init_Start) refers to debug_output.o(i.Debug_Init) for Debug_Init
    task_init.o(i.Task_Init_Start) refers to ultrasonic.o(i.Ultrasonic_Init) for Ultrasonic_Init
    task_init.o(i.Task_Init_Start) refers to task_init.o(i.Servo_Init) for Servo_Init
    task_init.o(i.Task_Init_Start) refers to debug_output.o(i.Debug_Printf) for Debug_Printf
    task_init.o(i.Task_Init_Start) refers to debug_test.o(i.Debug_Test) for Debug_Test
    task_init.o(i.Task_Init_Start) refers to stm32f1xx_hal.o(i.HAL_Delay) for HAL_Delay
    task_init.o(i.Task_Init_Start) refers to tasks.o(i.vTaskDelete) for vTaskDelete
    task_init.o(i.Task_Init_Start) refers to port.o(i.vPortExitCritical) for vPortExitCritical
    task_servocontrol.o(i.IMU_Attitude_Control) refers to fadd.o(.text) for __aeabi_fsub
    task_servocontrol.o(i.IMU_Attitude_Control) refers to fmul.o(.text) for __aeabi_fmul
    task_servocontrol.o(i.IMU_Attitude_Control) refers to task_servocontrol.o(i.Pos_Attitude_Control) for Pos_Attitude_Control
    task_servocontrol.o(i.IMU_Attitude_Control) refers to mpu6050.o(.bss) for angle
    task_servocontrol.o(i.IMU_Attitude_Control) refers to task_servocontrol.o(.data) for .data
    task_servocontrol.o(i.LegAngle_to_ServoPos) refers to task_servocontrol.o(i.Pos_Attitude_Control) for Pos_Attitude_Control
[...]
    i.vPortValidateInterruptPriority         0x08008d2c   Section        0  port.o(i.vPortValidateInterruptPriority)
    i.vTaskDelayUntil                        0x08008d80   Section        0  tasks.o(i.vTaskDelayUntil)
    i.vTaskDelete                            0x08008e0c   Section        0  tasks.o(i.vTaskDelete)
    i.vTaskInternalSetTimeOutState           0x08008eb8   Section        0  tasks.o(i.vTaskInternalSetTimeOutState)
    i.vTaskMissedYield                       0x08008ec8   Section        0  tasks.o(i.vTaskMissedYield)
    i.vTaskPlaceOnEventList                  0x08008ed4   Section        0  tasks.o(i.vTaskPlaceOnEventList)
    i.vTaskStartScheduler                    0x08008f04   Section        0  tasks.o(i.vTaskStartScheduler)
    i.vTaskSuspendAll                        0x08008f70   Section        0  tasks.o(i.vTaskSuspendAll)
    i.vTaskSwitchContext                     0x08008f80   Section        0  tasks.o(i.vTaskSwitchContext)
    i.xPortStartScheduler                    0x08008fdc   Section        0  port.o(i.xPortStartScheduler)
    i.xQueueGenericCreate                    0x08009084   Section        0  queue.o(i.xQueueGenericCreate)
    i.xQueueGenericReset                     0x080090cc   Section        0  queue.o(i.xQueueGenericReset)
    i.xQueueGenericSend                      0x08009154   Section        0  queue.o(i.xQueueGenericSend)
    i.xQueueGenericSendFromISR               0x080092b4   Section        0  queue.o(i.xQueueGenericSendFromISR)
    i.xQueueReceive                          0x08009370   Section        0  queue.o(i.xQueueReceive)
    i.xQueueReceiveFromISR                   0x080094a8   Section        0  queue.o(i.xQueueReceiveFromISR)
    i.xTaskCheckForTimeOut                   0x08009544   Section        0  tasks.o(i.xTaskCheckForTimeOut)
    i.xTaskCreate                            0x080095b8   Section        0  tasks.o(i.xTaskCreate)
    i.xTaskCreateStatic                      0x08009612   Section        0  tasks.o(i.xTaskCreateStatic)
    i.xTaskGetSchedulerState                 0x08009668   Section        0  tasks.o(i.xTaskGetSchedulerState)
    i.xTaskGetTickCount                      0x08009684   Section        0  tasks.o(i.xTaskGetTickCount)
    i.xTaskIncrementTick                     0x08009690   Section        0  tasks.o(i.xTaskIncrementTick)
    i.xTaskPriorityDisinherit                0x08009758   Section        0  tasks.o(i.xTaskPriorityDisinherit)
    i.xTaskRemoveFromEventList               0x080097f0   Section        0  tasks.o(i.xTaskRemoveFromEventList)
    i.xTaskResumeAll                         0x08009864   Section        0  tasks.o(i.xTaskResumeAll)
    .constdata                               0x08009928   Section      136  freertos.o(.constdata)
    .constdata                               0x080099b0   Section       16  system_stm32f1xx.o(.constdata)
    .constdata                               0x080099c0   Section        8  system_stm32f1xx.o(.constdata)
    .constdata                               0x080099c8   Section      108  inverse_k.o(.constdata)
    .constdata                               0x08009a34   Section       16  debug_output.o(.constdata)
    .constdata                               0x08009a48   Section       80  acos.o(.constdata)
    pS                                       0x08009a48   Data          48  acos.o(.constdata)
    qS                                       0x08009a78   Data          32  acos.o(.constdata)
    .constdata                               0x08009a98   Section       80  asin.o(.constdata)
    pS                                       0x08009a98   Data          48  asin.o(.constdata)
    qS                                       0x08009ac8   Data          32  asin.o(.constdata)
    .constdata                               0x08009ae8   Section      136  pow.o(.constdata)
    bp                                       0x08009ae8   Data          16  pow.o(.constdata)
    dp_h                                     0x08009af8   Data          16  pow.o(.constdata)
    dp_l                                     0x08009b08   Data          16  pow.o(.constdata)
    L                                        0x08009b18   Data          48  pow.o(.constdata)
    P                                        0x08009b48   Data          40  pow.o(.constdata)
    .constdata                               0x08009b70   Section      152  atan.o(.constdata)
    atanhi                                   0x08009b70   Data          32  atan.o(.constdata)
    atanlo                                   0x08009b90   Data          32  atan.o(.constdata)
    aTodd                                    0x08009bb0   Data          40  atan.o(.constdata)
    aTeven                                   0x08009bd8   Data          48  atan.o(.constdata)
    .constdata                               0x08009c08   Section       48  cos_i.o(.constdata)
    C                                        0x08009c08   Data          48  cos_i.o(.constdata)
    .constdata                               0x08009c38   Section        8  qnan.o(.constdata)
    .constdata                               0x08009c40   Section      200  rred.o(.constdata)
    pio2s                                    0x08009c40   Data          48  rred.o(.constdata)
    twooverpi                                0x08009c70   Data         152  rred.o(.constdata)
    .constdata                               0x08009d08   Section       40  sin_i.o(.constdata)
    S                                        0x08009d08   Data          40  sin_i.o(.constdata)
    .conststring                             0x08009d30   Section       50  freertos.o(.conststring)
    .conststring                             0x08009d64   Section       32  debug_output.o(.conststring)
    .data                                    0x20000000   Section        8  task_statemachine.o(.data)
    .data                                    0x20000008   Section       48  task_servocontrol.o(.data)
    x                                        0x20000008   Data           4  task_servocontrol.o(.data)
    y                                        0x2000000c   Data           4  task_servocontrol.o(.data)
    z                                        0x20000010   Data           4  task_servocontrol.o(.data)
    P                                        0x20000014   Data           4  task_servocontrol.o(.data)
    R                                        0x20000018   Data           4  task_servocontrol.o(.data)
    Y                                        0x2000001c   Data           4  task_servocontrol.o(.data)
    time                                     0x20000020   Data           4  task_servocontrol.o(.data)
    GaitTransition_flag                      0x20000024   Data           4  task_servocontrol.o(.data)
    err_P                                    0x20000028   Data           4  task_servocontrol.o(.data)
    err_last_P                               0x2000002c   Data           4  task_servocontrol.o(.data)
    err_R                                    0x20000030   Data           4  task_servocontrol.o(.data)
    err_last_R                               0x20000034   Data           4  task_servocontrol.o(.data)
    .data                                    0x20000038   Section       12  task_imu.o(.data)
    t                                        0x2000003c   Data           4  task_imu.o(.data)
    .data                                    0x20000044   Section        3  main.o(.data)
    .data                                    0x20000048   Section       24  freertos.o(.data)
    .data                                    0x20000060   Section       12  stm32f1xx_hal.o(.data)
    .data                                    0x2000006c   Section        4  system_stm32f1xx.o(.data)
    .data                                    0x20000070   Section       60  tasks.o(.data)
    pxDelayedTaskList                        0x20000074   Data           4  tasks.o(.data)
    pxOverflowDelayedTaskList                0x20000078   Data           4  tasks.o(.data)
    uxDeletedTasksWaitingCleanUp             0x2000007c   Data           4  tasks.o(.data)
    uxCurrentNumberOfTasks                   0x20000080   Data           4  tasks.o(.data)
    xTickCount                               0x20000084   Data           4  tasks.o(.data)
    uxTopReadyPriority                       0x20000088   Data           4  tasks.o(.data)
    xSchedulerRunning                        0x2000008c   Data           4  tasks.o(.data)
    uxPendedTicks                            0x20000090   Data           4  tasks.o(.data)
    xYieldPending                            0x20000094   Data           4  tasks.o(.data)
    xNumOfOverflows                          0x20000098   Data           4  tasks.o(.data)
    uxTaskNumber                             0x2000009c   Data           4  tasks.o(.data)
    xNextTaskUnblockTime                     0x200000a0   Data           4  tasks.o(.data)
    xIdleTaskHandle                          0x200000a4   Data           4  tasks.o(.data)
    uxSchedulerSuspended                     0x200000a8   Data           4  tasks.o(.data)
    .data                                    0x200000ac   Section       24  heap_4.o(.data)
    pxEnd                                    0x200000ac   Data           4  heap_4.o(.data)
    xFreeBytesRemaining                      0x200000b0   Data           4  heap_4.o(.data)
    xMinimumEverFreeBytesRemaining           0x200000b4   Data           4  heap_4.o(.data)
    xBlockAllocatedBit                       0x200000b8   Data           4  heap_4.o(.data)
    xStart                                   0x200000bc   Data           8  heap_4.o(.data)
    .data                                    0x200000c4   Section       12  port.o(.data)
    ucMaxSysCallPriority                     0x200000c4   Data           1  port.o(.data)
    uxCriticalNesting                        0x200000c8   Data           4  port.o(.data)
    ulMaxPRIGROUPValue                       0x200000cc   Data           4  port.o(.data)
    .data                                    0x200000d0   Section        1  debug_output.o(.data)
    .data                                    0x200000d4   Section        4  errno.o(.data)
    _errno                                   0x200000d4   Data           4  errno.o(.data)
    .bss                                     0x200000d8   Section       12  task_statemachine.o(.bss)
    .bss                                     0x200000e4   Section       24  task_servocontrol.o(.bss)
    .bss                                     0x200000fc   Section       12  task_imu.o(.bss)
    .bss                                     0x20000108   Section       92  main.o(.bss)
    Temp                                     0x2000013b   Data          11  main.o(.bss)
    Temp2                                    0x20000150   Data          10  main.o(.bss)
    .bss                                     0x20000164   Section      596  freertos.o(.bss)
    xIdleTaskTCBBuffer                       0x20000164   Data          84  freertos.o(.bss)
    xIdleStack                               0x200001b8   Data         512  freertos.o(.bss)
    .bss                                     0x200003b8   Section      256  tim.o(.bss)
    .bss                                     0x200004b8   Section      256  usart.o(.bss)
    .bss                                     0x200005b8   Section       64  stm32f1xx_hal_timebase_tim.o(.bss)
    .bss                                     0x200005f8   Section      240  tasks.o(.bss)
    pxReadyTasksLists                        0x200005f8   Data         140  tasks.o(.bss)
    xDelayedTaskList1                        0x20000684   Data          20  tasks.o(.bss)
    xDelayedTaskList2                        0x20000698   Data          20  tasks.o(.bss)
    xPendingReadyList                        0x200006ac   Data          20  tasks.o(.bss)
    xTasksWaitingTermination                 0x200006c0   Data          20  tasks.o(.bss)
    xSuspendedTaskList                       0x200006d4   Data          20  tasks.o(.bss)
    .bss                                     0x200006e8   Section     3072  heap_4.o(.bss)
    ucHeap                                   0x200006e8   Data        3072  heap_4.o(.bss)
    .bss                                     0x200012e8   Section       48  inverse_k.o(.bss)
    .bss                                     0x20001318   Section       48  mpu6050.o(.bss)
    .bss                                     0x20001348   Section      512  debug_output.o(.bss)
    debug_buffer                             0x20001348   Data         512  debug_output.o(.bss)
    .bss                                     0x20001548   Section       12  ultrasonic.o(.bss)
    ultrasonic_data                          0x20001548   Data          12  ultrasonic.o(.bss)
    STACK                                    0x20001558   Section     1024  startup_stm32f103xe.o(STACK)

    Global Symbols

    Symbol Name                              Value     Ov Type        Size  Object(Section)

    BuildAttributes$$THM_ISAv4$P$D$K$B$S$PE$A:L22UL41UL21$X:L11$S22US41US21$IEEE1$IW$USESV6$~STKCKD$USESV7$~SHL$OTIME$ROPI$IEEEX$EBA8$MICROLIB$REQ8$PRES8$EABIv2 0x00000000   Number         0  anon$$obj.o ABSOLUTE
    __ARM_use_no_argv                        0x00000000   Number         0  main.o ABSOLUTE
    _printf_a                                0x00000000   Number         0  stubs.o ABSOLUTE
    _printf_c                                0x00000000   Number         0  stubs.o ABSOLUTE
    _printf_charcount                        0x00000000   Number         0  stubs.o ABSOLUTE
    _printf_d                                0x00000000   Number         0  stubs.o ABSOLUTE
    _printf_e                                0x00000000   Number         0  stubs.o ABSOLUTE
    _printf_f                                0x00000000   Number         0  stubs.o ABSOLUTE
    _printf_flags                            0x00000000   Number         0  stubs.o ABSOLUTE
    _printf_fp_dec                           0x00000000   Number         0  stubs.o ABSOLUTE
    _printf_fp_hex                           0x00000000   Number         0  stubs.o ABSOLUTE
    _printf_g                                0x00000000   Number         0  stubs.o ABSOLUTE
    _printf_i                                0x00000000   Number         0  stubs.o ABSOLUTE
    _printf_int_dec                          0x00000000   Number         0  stubs.o ABSOLUTE
    _printf_l                                0x00000000   Number         0  stubs.o ABSOLUTE
    _printf_lc                               0x00000000   Number         0  stubs.o ABSOLUTE
    _printf_ll                               0x00000000   Number         0  stubs.o ABSOLUTE
    _printf_lld                              0x00000000   Number         0  stubs.o ABSOLUTE
    _printf_lli                              0x00000000   Number         0  stubs.o ABSOLUTE
    _printf_llo                              0x00000000   Number         0  stubs.o ABSOLUTE
    _printf_llu                              0x00000000   Number         0  stubs.o ABSOLUTE
    _printf_llx                              0x00000000   Number         0  stubs.o ABSOLUTE
    _printf_longlong_dec                     0x00000000   Number         0  stubs.o ABSOLUTE
    _printf_longlong_hex                     0x00000000   Number         0  stubs.o ABSOLUTE
    _printf_longlong_oct                     0x00000000   Number         0  stubs.o ABSOLUTE
    _printf_ls                               0x00000000   Number         0  stubs.o ABSOLUTE
    _printf_mbtowc                           0x00000000   Number         0  stubs.o ABSOLUTE
    _printf_n                                0x00000000   Number         0  stubs.o ABSOLUTE
    _printf_o                                0x00000000   Number         0  stubs.o ABSOLUTE
    _printf_p                                0x00000000   Number         0  stubs.o ABSOLUTE
    _printf_percent                          0x00000000   Number         0  stubs.o ABSOLUTE
    _printf_pre_padding                      0x00000000   Number         0  stubs.o ABSOLUTE
    _printf_return_value                     0x00000000   Number         0  stubs.o ABSOLUTE
    _printf_s                                0x00000000   Number         0  stubs.o ABSOLUTE
    _printf_sizespec                         0x00000000   Number         0  stubs.o ABSOLUTE
    _printf_str                              0x00000000   Number         0  stubs.o ABSOLUTE
    _printf_truncate_signed                  0x00000000   Number         0  stubs.o ABSOLUTE
    _printf_truncate_unsigned                0x00000000   Number         0  stubs.o ABSOLUTE
    _printf_u                                0x00000000   Number         0  stubs.o ABSOLUTE
    _printf_wc                               0x00000000   Number         0  stubs.o ABSOLUTE
    _printf_wctomb                           0x00000000   Number         0  stubs.o ABSOLUTE
    _printf_widthprec                        0x00000000   Number         0  stubs.o ABSOLUTE
    _printf_x                                0x00000000   Number         0  stubs.o ABSOLUTE
    __cpp_initialize__aeabi_                  - Undefined Weak Reference
    __cxa_finalize                            - Undefined Weak Reference
    __decompress                              - Undefined Weak Reference
    _clock_init                               - Undefined Weak Reference
    _microlib_exit                            - Undefined Weak Reference
    __Vectors_Size                           0x00000130   Number         0  startup_stm32f103xe.o ABSOLUTE
    __Vectors                                0x08000000   Data           4  startup_stm32f103xe.o(RESET)
    __Vectors_End                            0x08000130   Data           0  startup_stm32f103xe.o(RESET)
    __main                                   0x08000131   Thumb Code     0  entry.o(.ARM.Collect$$$$00000000)
    _main_stk                                0x08000131   Thumb Code     0  entry2.o(.ARM.Collect$$$$00000001)
    _main_scatterload                        0x08000135   Thumb Code     0  entry5.o(.ARM.Collect$$$$00000004)
    __main_after_scatterload                 0x08000139   Thumb Code     0  entry5.o(.ARM.Collect$$$$00000004)
    _main_clock                              0x08000139   Thumb Code     0  entry7b.o(.ARM.Collect$$$$00000008)
    _main_cpp_init                           0x08000139   Thumb Code     0  entry8b.o(.ARM.Collect$$$$0000000A)
    _main_init                               0x08000139   Thumb Code     0  entry9a.o(.ARM.Collect$$$$0000000B)
    __rt_final_cpp                           0x08000141   Thumb Code     0  entry10a.o(.ARM.Collect$$$$0000000D)
    __rt_final_exit                          0x08000141   Thumb Code     0  entry11a.o(.ARM.Collect$$$$0000000F)
    SVC_Handler                              0x08000145   Thumb Code    32  port.o(.emb_text)
    __asm___6_port_c_39a90d8d__prvStartFirstTask 0x08000169   Thumb Code    28  port.o(.emb_text)
    PendSV_Handler                           0x08000189   Thumb Code    72  port.o(.emb_text)
    vPortGetIPSR                             0x080001d5   Thumb Code     6  port.o(.emb_text)
    Reset_Handler                            0x080001dd   Thumb Code     8  startup_stm32f103xe.o(.text)
    ADC1_2_IRQHandler                        0x080001f7   Thumb Code     0  startup_stm32f103xe.o(.text)
    ADC3_IRQHandler                          0x080001f7   Thumb Code     0  startup_stm32f103xe.o(.text)
    CAN1_RX1_IRQHandler                      0x080001f7   Thumb Code     0  startup_stm32f103xe.o(.text)
    CAN1_SCE_IRQHandler                      0x080001f7   Thumb Code     0  startup_stm32f103xe.o(.text)
    DMA1_Channel1_IRQHandler                 0x080001f7   Thumb Code     0  startup_stm32f103xe.o(.text)
    DMA1_Channel2_IRQHandler                 0x080001f7   Thumb Code     0  startup_stm32f103xe.o(.text)
    DMA1_Channel3_IRQHandler                 0x080001f7   Thumb Code     0  startup_stm32f103xe.o(.text)
    DMA1_Channel4_IRQHandler                 0x080001f7   Thumb Code     0  startup_stm32f103xe.o(.text)
    DMA1_Channel5_IRQHandler                 0x080001f7   Thumb Code     0  startup_stm32f103xe.o(.text)
    DMA1_Channel6_IRQHandler                 0x080001f7   Thumb Code     0  startup_stm32f103xe.o(.text)
    DMA1_Channel7_IRQHandler                 0x080001f7   Thumb Code     0  startup_stm32f103xe.o(.text)
    DMA2_Channel1_IRQHandler                 0x080001f7   Thumb Code     0  startup_stm32f103xe.o(.text)
    DMA2_Channel2_IRQHandler                 0x080001f7   Thumb Code     0  startup_stm32f103xe.o(.text)
    DMA2_Channel3_IRQHandler                 0x080001f7   Thumb Code     0  startup_stm32f103xe.o(.text)
    DMA2_Channel4_5_IRQHandler               0x080001f7   Thumb Code     0  startup_stm32f103xe.o(.text)
    EXTI0_IRQHandler                         0x080001f7   Thumb Code     0  startup_stm32f103xe.o(.text)
    EXTI15_10_IRQHandler                     0x080001f7   Thumb Code     0  startup_stm32f103xe.o(.text)
    EXTI1_IRQHandler                         0x080001f7   Thumb Code     0  startup_stm32f103xe.o(.text)
    EXTI2_IRQHandler                         0x080001f7   Thumb Code     0  startup_stm32f103xe.o(.text)
    EXTI3_IRQHandler                         0x080001f7   Thumb Code     0  startup_stm32f103xe.o(.text)
    EXTI4_IRQHandler                         0x080001f7   Thumb Code     0  startup_stm32f103xe.o(.text)
    EXTI9_5_IRQHandler                       0x080001f7   Thumb Code     0  startup_stm32f103xe.o(.text)
    FLASH_IRQHandler                         0x080001f7   Thumb Code     0  startup_stm32f103xe.o(.text)
    FSMC_IRQHandler                          0x080001f7   Thumb Code     0  startup_stm32f103xe.o(.text)
    I2C1_ER_IRQHandler                       0x080001f7   Thumb Code     0  startup_stm32f103xe.o(.text)
    I2C1_EV_IRQHandler                       0x080001f7   Thumb Code     0  startup_stm32f103xe.o(.text)
    I2C2_ER_IRQHandler                       0x080001f7   Thumb Code     0  startup_stm32f103xe.o(.text)
    I2C2_EV_IRQHandler                       0x080001f7   Thumb Code     0  startup_stm32f103xe.o(.text)
    PVD_IRQHandler                           0x080001f7   Thumb Code     0  startup_stm32f103xe.o(.text)
    RCC_IRQHandler                           0x080001f7   Thumb Code     0  startup_stm32f103xe.o(.text)
    RTC_Alarm_IRQHandler                     0x080001f7   Thumb Code     0  startup_stm32f103xe.o(.text)
    RTC_IRQHandler                           0x080001f7   Thumb Code     0  startup_stm32f103xe.o(.text)
    SDIO_IRQHandler                          0x080001f7   Thumb Code     0  startup_stm32f103xe.o(.text)
    SPI1_IRQHandler                          0x080001f7   Thumb Code     0  startup_stm32f103xe.o(.text)
    SPI2_IRQHandler                          0x080001f7   Thumb Code     0  startup_stm32f103xe.o(.text)
    SPI3_IRQHandler                          0x080001f7   Thumb Code     0  startup_stm32f103xe.o(.text)
    TAMPER_IRQHandler                        0x080001f7   Thumb Code     0  startup_stm32f103xe.o(.text)
    TIM1_BRK_IRQHandler                      0x080001f7   Thumb Code     0  startup_stm32f103xe.o(.text)
    TIM1_CC_IRQHandler                       0x080001f7   Thumb Code     0  startup_stm32f103xe.o(.text)
    TIM1_TRG_COM_IRQHandler                  0x080001f7   Thumb Code     0  startup_stm32f103xe.o(.text)
    TIM1_UP_IRQHandler                       0x080001f7   Thumb Code     0  startup_stm32f103xe.o(.text)
    TIM2_IRQHandler                          0x080001f7   Thumb Code     0  startup_stm32f103xe.o(.text)
    TIM3_IRQHandler                          0x080001f7   Thumb Code     0  startup_stm32f103xe.o(.text)
    TIM4_IRQHandler                          0x080001f7   Thumb Code     0  startup_stm32f103xe.o(.text)
    TIM5_IRQHandler                          0x080001f7   Thumb Code     0  startup_stm32f103xe.o(.text)
    TIM6_IRQHandler                          0x080001f7   Thumb Code     0  startup_stm32f103xe.o(.text)
    TIM7_IRQHandler                          0x080001f7   Thumb Code     0  startup_stm32f103xe.o(.text)
    TIM8_BRK_IRQHandler                      0x080001f7   Thumb Code     0  startup_stm32f103xe.o(.text)
    TIM8_CC_IRQHandler                       0x080001f7   Thumb Code     0  startup_stm32f103xe.o(.text)
    TIM8_TRG_COM_IRQHandler                  0x080001f7   Thumb Code     0  startup_stm32f103xe.o(.text)
    UART5_IRQHandler                         0x080001f7   Thumb Code     0  startup_stm32f103xe.o(.text)
    USBWakeUp_IRQHandler                     0x080001f7   Thumb Code     0  startup_stm32f103xe.o(.text)
    USB_HP_CAN1_TX_IRQHandler                0x080001f7   Thumb Code     0  startup_stm32f103xe.o(.text)
    USB_LP_CAN1_RX0_IRQHandler               0x080001f7   Thumb Code     0  startup_stm32f103xe.o(.text)
    WWDG_IRQHandler                          0x080001f7   Thumb Code     0  startup_stm32f103xe.o(.text)
    __aeabi_llsr                             0x08000201   Thumb Code    32  llushr.o(.text)
    _ll_ushift_r                             0x08000201   Thumb Code     0  llushr.o(.text)
    __aeabi_memcpy                           0x08000221   Thumb Code    36  memcpya.o(.text)
    __aeabi_memcpy4                          0x08000221   Thumb Code     0  memcpya.o(.text)
    __aeabi_memcpy8                          0x08000221   Thumb Code     0  memcpya.o(.text)
    __aeabi_memset                           0x08000245   Thumb Code    14  memseta.o(.text)
    __aeabi_memset4                          0x08000245   Thumb Code     0  memseta.o(.text)
    __aeabi_memset8                          0x08000245   Thumb Code     0  memseta.o(.text)
    __aeabi_memclr                           0x08000253   Thumb Code     4  memseta.o(.text)
    __aeabi_memclr4                          0x08000253   Thumb Code     0  memseta.o(.text)
    __aeabi_memclr8                          0x08000253   Thumb Code     0  memseta.o(.text)
    memset                                   0x08000257   Thumb Code    18  memseta.o(.text)
    strlen                                   0x08000269   Thumb Code    14  strlen.o(.text)
    __aeabi_fadd                             0x08000277   Thumb Code   164  fadd.o(.text)
    __aeabi_fsub                             0x0800031b   Thumb Code     6  fadd.o(.text)
    __aeabi_frsub                            0x08000321   Thumb Code     6  fadd.o(.text)
    __aeabi_fmul                             0x08000327   Thumb Code   100  fmul.o(.text)
    __aeabi_fdiv                             0x0800038b   Thumb Code   124  fdiv.o(.text)
    __aeabi_dadd                             0x08000407   Thumb Code   322  dadd.o(.text)
    __aeabi_dsub                             0x08000549   Thumb Code     6  dadd.o(.text)
    __aeabi_drsub                            0x0800054f   Thumb Code     6  dadd.o(.text)
    __aeabi_dmul                             0x08000555   Thumb Code   228  dmul.o(.text)
    __aeabi_ddiv                             0x08000639   Thumb Code   222  ddiv.o(.text)
    __ARM_scalbn                             0x08000717   Thumb Code    46  dscalb.o(.text)
    scalbn                                   0x08000717   Thumb Code     0  dscalb.o(.text)
    __aeabi_ui2f                             0x08000745   Thumb Code    10  ffltui.o(.text)
    __aeabi_i2d                              0x0800074f   Thumb Code    34  dflti.o(.text)
    __aeabi_f2uiz                            0x08000771   Thumb Code    40  ffixui.o(.text)
    __aeabi_f2d                              0x08000799   Thumb Code    38  f2d.o(.text)
    __aeabi_d2f                              0x080007bf   Thumb Code    56  d2f.o(.text)
    __aeabi_uidiv                            0x080007f7   Thumb Code     0  uidiv.o(.text)
    __aeabi_uidivmod                         0x080007f7   Thumb Code    44  uidiv.o(.text)
    __aeabi_uldivmod                         0x08000823   Thumb Code    98  uldiv.o(.text)
    __aeabi_llsl                             0x08000885   Thumb Code    30  llshl.o(.text)
    _ll_shift_l                              0x08000885   Thumb Code     0  llshl.o(.text)
    __aeabi_lasr                             0x080008a3   Thumb Code    36  llsshr.o(.text)
    _ll_sshift_r                             0x080008a3   Thumb Code     0  llsshr.o(.text)
    __I$use$fp                               0x080008c7   Thumb Code     0  iusefp.o(.text)
    _float_round                             0x080008c7   Thumb Code    18  fepilogue.o(.text)
    _float_epilogue                          0x080008d9   Thumb Code    92  fepilogue.o(.text)
    _double_round                            0x08000935   Thumb Code    30  depilogue.o(.text)
    _double_epilogue                         0x08000953   Thumb Code   156  depilogue.o(.text)
    _dsqrt                                   0x080009ef   Thumb Code   162  dsqrt.o(.text)
    __aeabi_d2ulz                            0x08000a91   Thumb Code    48  dfixul.o(.text)
    __aeabi_cdrcmple                         0x08000ac1   Thumb Code    48  cdrcmple.o(.text)
    __scatterload                            0x08000af1   Thumb Code    28  init.o(.text)
    __scatterload_rt2                        0x08000af1   Thumb Code     0  init.o(.text)
    __aeabi_ui2d                             0x08000b15   Thumb Code    26  dfltui.o(.text)
    __aeabi_d2iz                             0x08000b2f   Thumb Code    62  dfixi.o(.text)
    BusFault_Handler                         0x08000bd5   Thumb Code     2  stm32f1xx_it.o(i.BusFault_Handler)
    DebugMon_Handler                         0x08000bd7   Thumb Code     2  stm32f1xx_it.o(i.DebugMon_Handler)
    Debug_Init                               0x08000bd9   Thumb Code    34  debug_output.o(i.Debug_Init)
    Debug_Printf                             0x08000c41   Thumb Code    54  debug_output.o(i.Debug_Printf)
    Debug_PrintfLevel                        0x08000c81   Thumb Code    94  debug_output.o(i.Debug_PrintfLevel)
    Debug_SetLevel                           0x08000cf5   Thumb Code    44  debug_output.o(i.Debug_SetLevel)
    Debug_Test                               0x08000d49   Thumb Code    80  debug_test.o(i.Debug_Test)
    Error_Handler                            0x08000ee9   Thumb Code     2  main.o(i.Error_Handler)
    GetGaitMode                              0x08000eed   Thumb Code     6  task_statemachine.o(i.GetGaitMode)
    GetMainState                             0x08000ef9   Thumb Code     6  task_statemachine.o(i.GetMainState)
    HAL_DMA_Abort_IT                         0x08000f05   Thumb Code   296  stm32f1xx_hal_dma.o(i.HAL_DMA_Abort_IT)
    HAL_Delay                                0x08001035   Thumb Code    32  stm32f1xx_hal.o(i.HAL_Delay)
    HAL_GPIO_Init                            0x08001059   Thumb Code   462  stm32f1xx_hal_gpio.o(i.HAL_GPIO_Init)
    HAL_GPIO_TogglePin                       0x08001251   Thumb Code    14  stm32f1xx_hal_gpio.o(i.HAL_GPIO_TogglePin)
    HAL_GPIO_WritePin                        0x0800125f   Thumb Code    10  stm32f1xx_hal_gpio.o(i.HAL_GPIO_WritePin)
    HAL_GetTick                              0x08001269   Thumb Code     6  stm32f1xx_hal.o(i.HAL_GetTick)
    HAL_IncTick                              0x08001275   Thumb Code    12  stm32f1xx_hal.o(i.HAL_IncTick)
    HAL_Init                                 0x08001285   Thumb Code    32  stm32f1xx_hal.o(i.HAL_Init)
    HAL_InitTick                             0x080012a9   Thumb Code    98  stm32f1xx_hal_timebase_tim.o(i.HAL_InitTick)
    HAL_MspInit                              0x0800131d   Thumb Code    62  stm32f1xx_hal_msp.o(i.HAL_MspInit)
    HAL_NVIC_EnableIRQ                       0x08001365   Thumb Code    26  stm32f1xx_hal_cortex.o(i.HAL_NVIC_EnableIRQ)
    HAL_NVIC_SetPriority                     0x08001381   Thumb Code    60  stm32f1xx_hal_cortex.o(i.HAL_NVIC_SetPriority)
    HAL_NVIC_SetPriorityGrouping             0x080013c1   Thumb Code    26  stm32f1xx_hal_cortex.o(i.HAL_NVIC_SetPriorityGrouping)
    HAL_RCC_ClockConfig                      0x080013e5   Thumb Code   280  stm32f1xx_hal_rcc.o(i.HAL_RCC_ClockConfig)
    HAL_RCC_GetClockConfig                   0x08001511   Thumb Code    54  stm32f1xx_hal_rcc.o(i.HAL_RCC_GetClockConfig)
    HAL_RCC_GetPCLK1Freq                     0x08001551   Thumb Code    20  stm32f1xx_hal_rcc.o(i.HAL_RCC_GetPCLK1Freq)
    HAL_RCC_GetPCLK2Freq                     0x08001571   Thumb Code    20  stm32f1xx_hal_rcc.o(i.HAL_RCC_GetPCLK2Freq)
    HAL_RCC_GetSysClockFreq                  0x08001591   Thumb Code    74  stm32f1xx_hal_rcc.o(i.HAL_RCC_GetSysClockFreq)
    HAL_RCC_OscConfig                        0x080015fd   Thumb Code   778  stm32f1xx_hal_rcc.o(i.HAL_RCC_OscConfig)
    HAL_TIMEx_BreakCallback                  0x0800191d   Thumb Code     2  stm32f1xx_hal_tim_ex.o(i.HAL_TIMEx_BreakCallback)
    HAL_TIMEx_CommutCallback                 0x0800191f   Thumb Code     2  stm32f1xx_hal_tim_ex.o(i.HAL_TIMEx_CommutCallback)
    HAL_TIMEx_ConfigBreakDeadTime            0x08001921   Thumb Code    84  stm32f1xx_hal_tim_ex.o(i.HAL_TIMEx_ConfigBreakDeadTime)
    HAL_TIMEx_MasterConfigSynchronization    0x08001975   Thumb Code    66  stm32f1xx_hal_tim_ex.o(i.HAL_TIMEx_MasterConfigSynchronization)
    HAL_TIM_Base_Init                        0x080019b7   Thumb Code    54  stm32f1xx_hal_tim.o(i.HAL_TIM_Base_Init)
    HAL_TIM_Base_MspInit                     0x080019ed   Thumb Code    96  tim.o(i.HAL_TIM_Base_MspInit)
    HAL_TIM_Base_Start_IT                    0x08001a5d   Thumb Code    34  stm32f1xx_hal_tim.o(i.HAL_TIM_Base_Start_IT)
    HAL_TIM_ConfigClockSource                0x08001a7f   Thumb Code   214  stm32f1xx_hal_tim.o(i.HAL_TIM_ConfigClockSource)
    HAL_TIM_IC_CaptureCallback               0x08001b55   Thumb Code     2  stm32f1xx_hal_tim.o(i.HAL_TIM_IC_CaptureCallback)
    HAL_TIM_IRQHandler                       0x08001b57   Thumb Code   358  stm32f1xx_hal_tim.o(i.HAL_TIM_IRQHandler)
    HAL_TIM_MspPostInit                      0x08001cbd   Thumb Code   242  tim.o(i.HAL_TIM_MspPostInit)
    HAL_TIM_OC_DelayElapsedCallback          0x08001dd5   Thumb Code     2  stm32f1xx_hal_tim.o(i.HAL_TIM_OC_DelayElapsedCallback)
    HAL_TIM_PWM_ConfigChannel                0x08001dd7   Thumb Code   208  stm32f1xx_hal_tim.o(i.HAL_TIM_PWM_ConfigChannel)
    HAL_TIM_PWM_Init                         0x08001ea7   Thumb Code    54  stm32f1xx_hal_tim.o(i.HAL_TIM_PWM_Init)
    HAL_TIM_PWM_MspInit                      0x08001edd   Thumb Code     2  stm32f1xx_hal_tim.o(i.HAL_TIM_PWM_MspInit)
    HAL_TIM_PWM_PulseFinishedCallback        0x08001edf   Thumb Code     2  stm32f1xx_hal_tim.o(i.HAL_TIM_PWM_PulseFinishedCallback)
    HAL_TIM_PWM_Start                        0x08001ee1   Thumb Code    58  stm32f1xx_hal_tim.o(i.HAL_TIM_PWM_Start)
    HAL_TIM_PeriodElapsedCallback            0x08001f25   Thumb Code    14  main.o(i.HAL_TIM_PeriodElapsedCallback)
    HAL_TIM_TriggerCallback                  0x08001f39   Thumb Code     2  stm32f1xx_hal_tim.o(i.HAL_TIM_TriggerCallback)
    HAL_UART_ErrorCallback                   0x08001f3b   Thumb Code     2  stm32f1xx_hal_uart.o(i.HAL_UART_ErrorCallback)
    HAL_UART_IRQHandler                      0x08001f3d   Thumb Code   266  stm32f1xx_hal_uart.o(i.HAL_UART_IRQHandler)
    HAL_UART_Init                            0x0800204d   Thumb Code    98  stm32f1xx_hal_uart.o(i.HAL_UART_Init)
    HAL_UART_MspInit                         0x080020b1   Thumb Code   380  usart.o(i.HAL_UART_MspInit)
    HAL_UART_Receive_IT                      0x08002255   Thumb Code    82  stm32f1xx_hal_uart.o(i.HAL_UART_Receive_IT)
    HAL_UART_RxCpltCallback                  0x080022a9   Thumb Code   228  main.o(i.HAL_UART_RxCpltCallback)
    HAL_UART_Transmit                        0x080023b5   Thumb Code   186  stm32f1xx_hal_uart.o(i.HAL_UART_Transmit)
    HAL_UART_TxCpltCallback                  0x0800246f   Thumb Code     2  stm32f1xx_hal_uart.o(i.HAL_UART_TxCpltCallback)
    HardFault_Handler                        0x08002471   Thumb Code     2  stm32f1xx_it.o(i.HardFault_Handler)
    Leg_Position_Vector                      0x08002571   Thumb Code   828  inverse_k.o(i.Leg_Position_Vector)
    MX_FREERTOS_Init                         0x08002af9   Thumb Code   144  freertos.o(i.MX_FREERTOS_Init)
    MX_GPIO_Init                             0x08002b91   Thumb Code   170  gpio.o(i.MX_GPIO_Init)
    MX_TIM1_Init                             0x08002c49   Thumb Code   226  tim.o(i.MX_TIM1_Init)
    MX_TIM2_Init                             0x08002d35   Thumb Code   180  tim.o(i.MX_TIM2_Init)
    MX_TIM3_Init                             0x08002ded   Thumb Code   178  tim.o(i.MX_TIM3_Init)
    MX_TIM4_Init                             0x08002ea9   Thumb Code   178  tim.o(i.MX_TIM4_Init)
    MX_UART4_Init                            0x08002f65   Thumb Code    48  usart.o(i.MX_UART4_Init)
    MX_USART1_UART_Init                      0x08002f9d   Thumb Code    48  usart.o(i.MX_USART1_UART_Init)
    MX_USART2_UART_Init                      0x08002fd5   Thumb Code    48  usart.o(i.MX_USART2_UART_Init)
    MX_USART3_UART_Init                      0x0800300d   Thumb Code    48  usart.o(i.MX_USART3_UART_Init)
    MemManage_Handler                        0x080030a5   Thumb Code     2  stm32f1xx_it.o(i.MemManage_Handler)
    NMI_Handler                              0x080030a7   Thumb Code     2  stm32f1xx_it.o(i.NMI_Handler)
    SupportingStatus_Trajectory              0x080035cd   Thumb Code  2960  inverse_k.o(i.SupportingStatus_Trajectory)
    SwayStatus_Trajectory                    0x08004189   Thumb Code  3830  inverse_k.o(i.SwayStatus_Trajectory)
    SysTick_Handler                          0x080050ad   Thumb Code    38  port.o(i.SysTick_Handler)
    SystemClock_Config                       0x080050d9   Thumb Code    78  main.o(i.SystemClock_Config)
    SystemInit                               0x08005129   Thumb Code    56  system_stm32f1xx.o(i.SystemInit)
    TIM8_UP_IRQHandler                       0x08005171   Thumb Code     6  stm32f1xx_it.o(i.TIM8_UP_IRQHandler)
    TIM_Base_SetConfig                       0x0800517d   Thumb Code   120  stm32f1xx_hal_tim.o(i.TIM_Base_SetConfig)
    TIM_CCxChannelCmd                        0x08005209   Thumb Code    26  stm32f1xx_hal_tim.o(i.TIM_CCxChannelCmd)
    TIM_ETR_SetConfig                        0x08005223   Thumb Code    20  stm32f1xx_hal_tim.o(i.TIM_ETR_SetConfig)
    TIM_OC2_SetConfig                        0x080052a9   Thumb Code    98  stm32f1xx_hal_tim.o(i.TIM_OC2_SetConfig)
    Task_Control_Start                       0x08005413   Thumb Code    26  task_servocontrol.o(i.Task_Control_Start)
    Task_IMU_Start                           0x0800542d   Thumb Code    92  task_imu.o(i.Task_IMU_Start)
    Task_Init_Start                          0x080054a1   Thumb Code    56  task_init.o(i.Task_Init_Start)
    Task_StateMachine_Start                  0x0800553d   Thumb Code   128  task_statemachine.o(i.Task_StateMachine_Start)
    UART4_IRQHandler                         0x080057e1   Thumb Code     6  stm32f1xx_it.o(i.UART4_IRQHandler)
    USART1_IRQHandler                        0x08005a31   Thumb Code     6  stm32f1xx_it.o(i.USART1_IRQHandler)
    USART2_IRQHandler                        0x08005a3d   Thumb Code     6  stm32f1xx_it.o(i.USART2_IRQHandler)
    USART3_IRQHandler                        0x08005a49   Thumb Code     6  stm32f1xx_it.o(i.USART3_IRQHandler)
    Ultrasonic_Init                          0x08005a55   Thumb Code    18  ultrasonic.o(i.Ultrasonic_Init)
    Ultrasonic_ProcessData                   0x08005a8d   Thumb Code   100  ultrasonic.o(i.Ultrasonic_ProcessData)
    UsageFault_Handler                       0x08005d31   Thumb Code     2  stm32f1xx_it.o(i.UsageFault_Handler)
    __0snprintf                              0x08005d35   Thumb Code    44  printfa.o(i.__0snprintf)
    __1snprintf                              0x08005d35   Thumb Code     0  printfa.o(i.__0snprintf)
    __2snprintf                              0x08005d35   Thumb Code     0  printfa.o(i.__0snprintf)
    __c89snprintf                            0x08005d35   Thumb Code     0  printfa.o(i.__0snprintf)
    snprintf                                 0x08005d35   Thumb Code     0  printfa.o(i.__0snprintf)
    __0vsnprintf                             0x08005d65   Thumb Code    40  printfa.o(i.__0vsnprintf)
    __1vsnprintf                             0x08005d65   Thumb Code     0  printfa.o(i.__0vsnprintf)
    __2vsnprintf                             0x08005d65   Thumb Code     0  printfa.o(i.__0vsnprintf)
    __c89vsnprintf                           0x08005d65   Thumb Code     0  printfa.o(i.__0vsnprintf)
    vsnprintf                                0x08005d65   Thumb Code     0  printfa.o(i.__0vsnprintf)
    __ARM_fpclassify                         0x08005d91   Thumb Code    40  fpclassify.o(i.__ARM_fpclassify)
    __ieee754_rem_pio2                       0x08005dd9   Thumb Code   828  rred.o(i.__ieee754_rem_pio2)
    __kernel_cos                             0x08006161   Thumb Code   230  cos_i.o(i.__kernel_cos)
    __kernel_poly                            0x0800625d   Thumb Code   170  poly.o(i.__kernel_poly)
    __kernel_sin                             0x08006309   Thumb Code   224  sin_i.o(i.__kernel_sin)
    __mathlib_dbl_divzero                    0x080063f5   Thumb Code    12  dunder.o(i.__mathlib_dbl_divzero)
    __mathlib_dbl_infnan                     0x08006405   Thumb Code     6  dunder.o(i.__mathlib_dbl_infnan)
    __mathlib_dbl_infnan2                    0x0800640b   Thumb Code     4  dunder.o(i.__mathlib_dbl_infnan2)
    __mathlib_dbl_invalid                    0x0800640f   Thumb Code    12  dunder.o(i.__mathlib_dbl_invalid)
    __mathlib_dbl_overflow                   0x0800641b   Thumb Code    14  dunder.o(i.__mathlib_dbl_overflow)
    __mathlib_dbl_underflow                  0x08006429   Thumb Code    10  dunder.o(i.__mathlib_dbl_underflow)
    __scatterload_copy                       0x08006439   Thumb Code    14  handlers.o(i.__scatterload_copy)
    __scatterload_null                       0x08006447   Thumb Code     2  handlers.o(i.__scatterload_null)
    __scatterload_zeroinit                   0x08006449   Thumb Code    14  handlers.o(i.__scatterload_zeroinit)
    __set_errno                              0x08006459   Thumb Code     6  errno.o(i.__set_errno)
    acos                                     0x08006d2d   Thumb Code   574  acos.o(i.acos)
    asin                                     0x08006fa9   Thumb Code   572  asin.o(i.asin)
    atan                                     0x08007219   Thumb Code   474  atan.o(i.atan)
    atan2                                    0x08007439   Thumb Code   346  atan2.o(i.atan2)
    cos                                      0x080075b9   Thumb Code   148  cos.o(i.cos)
    inverse_kinematics                       0x08007661   Thumb Code   640  inverse_k.o(i.inverse_kinematics)
    main                                     0x080078f9   Thumb Code    60  main.o(i.main)
    osKernelStart                            0x08007969   Thumb Code    10  cmsis_os.o(i.osKernelStart)
    osMailCreate                             0x08007975   Thumb Code    92  cmsis_os.o(i.osMailCreate)
    osMailGet                                0x080079d1   Thumb Code   140  cmsis_os.o(i.osMailGet)
    osMailPut                                0x08007a61   Thumb Code    88  cmsis_os.o(i.osMailPut)
    osPoolCreate                             0x08007abd   Thumb Code    94  cmsis_os.o(i.osPoolCreate)
    osThreadCreate                           0x08007b1b   Thumb Code    84  cmsis_os.o(i.osThreadCreate)
    pow                                      0x08007b71   Thumb Code  2512  pow.o(i.pow)
    pvPortMalloc                             0x080089bd   Thumb Code   210  heap_4.o(i.pvPortMalloc)
    pxPortInitialiseStack                    0x08008a95   Thumb Code    32  port.o(i.pxPortInitialiseStack)
    sin                                      0x08008ab9   Thumb Code   150  sin.o(i.sin)
    sqrt                                     0x08008b59   Thumb Code    76  sqrt.o(i.sqrt)
    uxListRemove                             0x08008ba5   Thumb Code    38  list.o(i.uxListRemove)
    vApplicationGetIdleTaskMemory            0x08008bcd   Thumb Code    16  freertos.o(i.vApplicationGetIdleTaskMemory)
    vListInitialise                          0x08008be1   Thumb Code    22  list.o(i.vListInitialise)
    vListInitialiseItem                      0x08008bf7   Thumb Code     6  list.o(i.vListInitialiseItem)
    vListInsert                              0x08008bfd   Thumb Code    48  list.o(i.vListInsert)
    vListInsertEnd                           0x08008c2d   Thumb Code    24  list.o(i.vListInsertEnd)
    vPortEnterCritical                       0x08008c45   Thumb Code    54  port.o(i.vPortEnterCritical)
    vPortExitCritical                        0x08008c85   Thumb Code    34  port.o(i.vPortExitCritical)
    vPortFree                                0x08008cad   Thumb Code    88  heap_4.o(i.vPortFree)
    vPortSetupTimerInterrupt                 0x08008d09   Thumb Code    32  port.o(i.vPortSetupTimerInterrupt)
    vPortValidateInterruptPriority           0x08008d2d   Thumb Code    74  port.o(i.vPortValidateInterruptPriority)
    vTaskDelayUntil                          0x08008d81   Thumb Code   132  tasks.o(i.vTaskDelayUntil)
    vTaskDelete                              0x08008e0d   Thumb Code   158  tasks.o(i.vTaskDelete)
    vTaskInternalSetTimeOutState             0x08008eb9   Thumb Code    12  tasks.o(i.vTaskInternalSetTimeOutState)
    vTaskMissedYield                         0x08008ec9   Thumb Code     8  tasks.o(i.vTaskMissedYield)
    vTaskPlaceOnEventList                    0x08008ed5   Thumb Code    44  tasks.o(i.vTaskPlaceOnEventList)
    vTaskStartScheduler                      0x08008f05   Thumb Code    90  tasks.o(i.vTaskStartScheduler)
    vTaskSuspendAll                          0x08008f71   Thumb Code    10  tasks.o(i.vTaskSuspendAll)
    vTaskSwitchContext                       0x08008f81   Thumb Code    82  tasks.o(i.vTaskSwitchContext)
    xPortStartScheduler                      0x08008fdd   Thumb Code   154  port.o(i.xPortStartScheduler)
    xQueueGenericCreate                      0x08009085   Thumb Code    72  queue.o(i.xQueueGenericCreate)
    xQueueGenericReset                       0x080090cd   Thumb Code   132  queue.o(i.xQueueGenericReset)
    xQueueGenericSend                        0x08009155   Thumb Code   346  queue.o(i.xQueueGenericSend)
    xQueueGenericSendFromISR                 0x080092b5   Thumb Code   188  queue.o(i.xQueueGenericSendFromISR)
    xQueueReceive                            0x08009371   Thumb Code   308  queue.o(i.xQueueReceive)
    xQueueReceiveFromISR                     0x080094a9   Thumb Code   154  queue.o(i.xQueueReceiveFromISR)
    xTaskCheckForTimeOut                     0x08009545   Thumb Code   112  tasks.o(i.xTaskCheckForTimeOut)
    xTaskCreate                              0x080095b9   Thumb Code    90  tasks.o(i.xTaskCreate)
    xTaskCreateStatic                        0x08009613   Thumb Code    86  tasks.o(i.xTaskCreateStatic)
    xTaskGetSchedulerState                   0x08009669   Thumb Code    22  tasks.o(i.xTaskGetSchedulerState)
    xTaskGetTickCount                        0x08009685   Thumb Code     6  tasks.o(i.xTaskGetTickCount)
    xTaskIncrementTick                       0x08009691   Thumb Code   192  tasks.o(i.xTaskIncrementTick)
    xTaskPriorityDisinherit                  0x08009759   Thumb Code   144  tasks.o(i.xTaskPriorityDisinherit)
    xTaskRemoveFromEventList                 0x080097f1   Thumb Code   108  tasks.o(i.xTaskRemoveFromEventList)
    xTaskResumeAll                           0x08009865   Thumb Code   182  tasks.o(i.xTaskResumeAll)
    AHBPrescTable                            0x080099b0   Data          16  system_stm32f1xx.o(.constdata)
    APBPrescTable                            0x080099c0   Data           8  system_stm32f1xx.o(.constdata)
    __mathlib_zero                           0x08009c38   Data           8  qnan.o(.constdata)
    Region$$Table$$Base                      0x08009d84   Number         0  anon$$obj.o(Region$$Table)
    Region$$Table$$Limit                     0x08009da4   Number         0  anon$$obj.o(Region$$Table)
    flag                                     0x20000000   Data           1  task_statemachine.o(.data)
    distance                                 0x20000001   Data           1  task_statemachine.o(.data)
    GaitMode                                 0x20000002   Data           1  task_statemachine.o(.data)
    Mainstate                                0x20000003   Data           1  task_statemachine.o(.data)
    rdata                                    0x20000004   Data           4  task_statemachine.o(.data)
    T                                        0x20000038   Data           4  task_imu.o(.data)
    rdata2                                   0x20000040   Data           4  task_imu.o(.data)
    counter                                  0x20000044   Data           1  main.o(.data)
    sign                                     0x20000045   Data           1  main.o(.data)
    counter2                                 0x20000046   Data           1  main.o(.data)
    myMail01Handle                           0x20000048   Data           4  freertos.o(.data)
    myMail02Handle                           0x2000004c   Data           4  freertos.o(.data)
    Task_IMUHandle                           0x20000050   Data           4  freertos.o(.data)
    Task_StateMHandle                        0x20000054   Data           4  freertos.o(.data)
    Task_InitHandle                          0x20000058   Data           4  freertos.o(.data)
    Task_ControlHandle                       0x2000005c   Data           4  freertos.o(.data)
    uwTickFreq                               0x20000060   Data           1  stm32f1xx_hal.o(.data)
    uwTickPrio                               0x20000064   Data           4  stm32f1xx_hal.o(.data)
    uwTick                                   0x20000068   Data           4  stm32f1xx_hal.o(.data)
    SystemCoreClock                          0x2000006c   Data           4  system_stm32f1xx.o(.data)
    pxCurrentTCB                             0x20000070   Data           4  tasks.o(.data)
    g_debug_level                            0x200000d0   Data           1  debug_output.o(.data)
    retval                                   0x200000d8   Data          12  task_statemachine.o(.bss)
    pos                                      0x200000e4   Data          12  task_servocontrol.o(.bss)
    angle_                                   0x200000f0   Data          12  task_servocontrol.o(.bss)
    retval2                                  0x200000fc   Data          12  task_imu.o(.bss)
    data                                     0x20000108   Data          20  main.o(.bss)
    data2                                    0x2000011c   Data          20  main.o(.bss)
    Re_buf                                   0x20000130   Data          11  main.o(.bss)
    Re_buf2                                  0x20000146   Data          10  main.o(.bss)
    data3                                    0x2000015a   Data          10  main.o(.bss)
    htim1                                    0x200003b8   Data          64  tim.o(.bss)
    htim2                                    0x200003f8   Data          64  tim.o(.bss)
    htim3                                    0x20000438   Data          64  tim.o(.bss)
    htim4                                    0x20000478   Data          64  tim.o(.bss)
    huart4                                   0x200004b8   Data          64  usart.o(.bss)
    huart1                                   0x200004f8   Data          64  usart.o(.bss)
    huart2                                   0x20000538   Data          64  usart.o(.bss)
    huart3                                   0x20000578   Data          64  usart.o(.bss)
    htim8                                    0x200005b8   Data          64  stm32f1xx_hal_timebase_tim.o(.bss)
    Leg_angle                                0x200012e8   Data          48  inverse_k.o(.bss)
    a                                        0x20001318   Data          12  mpu6050.o(.bss)
    w                                        0x20001324   Data          12  mpu6050.o(.bss)
    angle                                    0x20001330   Data          12  mpu6050.o(.bss)
    Q_ANGLE                                  0x2000133c   Data          12  mpu6050.o(.bss)
    __initial_sp                             0x20001958   Data           0  startup_stm32f103xe.o(STACK)



==============================================================================

Memory Map of the image

  Image Entry point : 0x08000131

  Load Region LR_IROM1 (Base: 0x08000000, Size: 0x00009e7c, Max: 0x00080000, ABSOLUTE)

    Execution Region ER_IROM1 (Exec base: 0x08000000, Load base: 0x08000000, Size: 0x00009da4, Max: 0x00080000, ABSOLUTE)

    Exec Addr    Load Addr    Size         Type   Attr      Idx    E Section Name        Object

    0x08000000   0x08000000   0x00000130   Data   RO            3    RESET               startup_stm32f103xe.o
    0x08000130   0x08000130   0x00000000   Code   RO         4687  * .ARM.Collect$$$$00000000  mc_w.l(entry.o)
    0x08000130   0x08000130   0x00000004   Code   RO         5032    .ARM.Collect$$$$00000001  mc_w.l(entry2.o)
    0x08000134   0x08000134   0x00000004   Code   RO         5035    .ARM.Collect$$$$00000004  mc_w.l(entry5.o)
    0x08000138   0x08000138   0x00000000   Code   RO         5037    .ARM.Collect$$$$00000008  mc_w.l(entry7b.o)
    0x08000138   0x08000138   0x00000000   Code   RO         5039    .ARM.Collect$$$$0000000A  mc_w.l(entry8b.o)
    0x08000138   0x08000138   0x00000008   Code   RO         5040    .ARM.Collect$$$$0000000B  mc_w.l(entry9a.o)
    0x08000140   0x08000140   0x00000000   Code   RO         5042    .ARM.Collect$$$$0000000D  mc_w.l(entry10a.o)
    0x08000140   0x08000140   0x00000000   Code   RO         5044    .ARM.Collect$$$$0000000F  mc_w.l(entry11a.o)
    0x08000140   0x08000140   0x00000004   Code   RO         5033    .ARM.Collect$$$$00002712  mc_w.l(entry2.o)
    0x08000144   0x08000144   0x00000096   Code   RO         4310    .emb_text           port.o
    0x080001da   0x080001da   0x00000002   PAD
    0x080001dc   0x080001dc   0x00000024   Code   RO            4    .text               startup_stm32f103xe.o
    0x08000200   0x08000200   0x00000020   Code   RO         4690    .text               mc_w.l(llushr.o)
    0x08000220   0x08000220   0x00000024   Code   RO         4692    .text               mc_w.l(memcpya.o)
    0x08000244   0x08000244   0x00000024   Code   RO         4696    .text               mc_w.l(memseta.o)
    0x08000268   0x08000268   0x0000000e   Code   RO         4698    .text               mc_w.l(strlen.o)
    0x08000276   0x08000276   0x000000b0   Code   RO         4963    .text               mf_w.l(fadd.o)
    0x08000326   0x08000326   0x00000064   Code   RO         4965    .text               mf_w.l(fmul.o)
    0x0800038a   0x0800038a   0x0000007c   Code   RO         4967    .text               mf_w.l(fdiv.o)
    0x08000406   0x08000406   0x0000014e   Code   RO         4971    .text               mf_w.l(dadd.o)
    0x08000554   0x08000554   0x000000e4   Code   RO         4973    .text               mf_w.l(dmul.o)
    0x08000638   0x08000638   0x000000de   Code   RO         4975    .text               mf_w.l(ddiv.o)
    0x08000716   0x08000716   0x0000002e   Code   RO         4977    .text               mf_w.l(dscalb.o)
    0x08000744   0x08000744   0x0000000a   Code   RO         4979    .text               mf_w.l(ffltui.o)
    0x0800074e   0x0800074e   0x00000022   Code   RO         4981    .text               mf_w.l(dflti.o)
    0x08000770   0x08000770   0x00000028   Code   RO         4983    .text               mf_w.l(ffixui.o)
    0x08000798   0x08000798   0x00000026   Code   RO         4985    .text               mf_w.l(f2d.o)
    0x080007be   0x080007be   0x00000038   Code   RO         4987    .text               mf_w.l(d2f.o)
    0x080007f6   0x080007f6   0x0000002c   Code   RO         5047    .text               mc_w.l(uidiv.o)
    0x08000822   0x08000822   0x00000062   Code   RO         5049    .text               mc_w.l(uldiv.o)
    0x08000884   0x08000884   0x0000001e   Code   RO         5051    .text               mc_w.l(llshl.o)
    0x080008a2   0x080008a2   0x00000024   Code   RO         5053    .text               mc_w.l(llsshr.o)
    0x080008c6   0x080008c6   0x00000000   Code   RO         5062    .text               mc_w.l(iusefp.o)
    0x080008c6   0x080008c6   0x0000006e   Code   RO         5063    .text               mf_w.l(fepilogue.o)
    0x08000934   0x08000934   0x000000ba   Code   RO         5065    .text               mf_w.l(depilogue.o)
    0x080009ee   0x080009ee   0x000000a2   Code   RO         5067    .text               mf_w.l(dsqrt.o)
    0x08000a90   0x08000a90   0x00000030   Code   RO         5069    .text               mf_w.l(dfixul.o)
    0x08000ac0   0x08000ac0   0x00000030   Code   RO         5073    .text               mf_w.l(cdrcmple.o)
    0x08000af0   0x08000af0   0x00000024   Code   RO         5075    .text               mc_w.l(init.o)
    0x08000b14   0x08000b14   0x0000001a   Code   RO         5077    .text               mf_w.l(dfltui.o)
    0x08000b2e   0x08000b2e   0x0000003e   Code   RO         5079    .text               mf_w.l(dfixi.o)
    0x08000b6c   0x08000b6c   0x00000068   Code   RO           13    i.Avoid_Obstacle    task_statemachine.o
    0x08000bd4   0x08000bd4   0x00000002   Code   RO          678    i.BusFault_Handler  stm32f1xx_it.o
    0x08000bd6   0x08000bd6   0x00000002   Code   RO          679    i.DebugMon_Handler  stm32f1xx_it.o
    0x08000bd8   0x08000bd8   0x00000068   Code   RO         4495    i.Debug_Init        debug_output.o
    0x08000c40   0x08000c40   0x00000040   Code   RO         4496    i.Debug_Printf      debug_output.o
    0x08000c80   0x08000c80   0x00000074   Code   RO         4497    i.Debug_PrintfLevel  debug_output.o
    0x08000cf4   0x08000cf4   0x00000054   Code   RO         4498    i.Debug_SetLevel    debug_output.o
    0x08000d48   0x08000d48   0x000001a0   Code   RO         4604    i.Debug_Test        debug_test.o
    0x08000ee8   0x08000ee8   0x00000002   Code   RO          404    i.Error_Handler     main.o
    0x08000eea   0x08000eea   0x00000002   PAD
    0x08000eec   0x08000eec   0x0000000c   Code   RO           14    i.GetGaitMode       task_statemachine.o
    0x08000ef8   0x08000ef8   0x0000000c   Code   RO           15    i.GetMainState      task_statemachine.o
    0x08000f04   0x08000f04   0x00000130   Code   RO         1245    i.HAL_DMA_Abort_IT  stm32f1xx_hal_dma.o
    0x08001034   0x08001034   0x00000024   Code   RO          872    i.HAL_Delay         stm32f1xx_hal.o
    0x08001058   0x08001058   0x000001f8   Code   RO         1180    i.HAL_GPIO_Init     stm32f1xx_hal_gpio.o
    0x08001250   0x08001250   0x0000000e   Code   RO         1183    i.HAL_GPIO_TogglePin  stm32f1xx_hal_gpio.o
    0x0800125e   0x0800125e   0x0000000a   Code   RO         1184    i.HAL_GPIO_WritePin  stm32f1xx_hal_gpio.o
    0x08001268   0x08001268   0x0000000c   Code   RO          876    i.HAL_GetTick       stm32f1xx_hal.o
    0x08001274   0x08001274   0x00000010   Code   RO          882    i.HAL_IncTick       stm32f1xx_hal.o
    0x08001284   0x08001284   0x00000024   Code   RO          883    i.HAL_Init          stm32f1xx_hal.o
    0x080012a8   0x080012a8   0x00000074   Code   RO          790    i.HAL_InitTick      stm32f1xx_hal_timebase_tim.o
    0x0800131c   0x0800131c   0x00000048   Code   RO          766    i.HAL_MspInit       stm32f1xx_hal_msp.o
    0x08001364   0x08001364   0x0000001a   Code   RO         1340    i.HAL_NVIC_EnableIRQ  stm32f1xx_hal_cortex.o
    0x0800137e   0x0800137e   0x00000002   PAD
    0x08001380   0x08001380   0x00000040   Code   RO         1346    i.HAL_NVIC_SetPriority  stm32f1xx_hal_cortex.o
    0x080013c0   0x080013c0   0x00000024   Code   RO         1347    i.HAL_NVIC_SetPriorityGrouping  stm32f1xx_hal_cortex.o
    0x080013e4   0x080013e4   0x0000012c   Code   RO         1040    i.HAL_RCC_ClockConfig  stm32f1xx_hal_rcc.o
    0x08001510   0x08001510   0x00000040   Code   RO         1044    i.HAL_RCC_GetClockConfig  stm32f1xx_hal_rcc.o
    0x08001550   0x08001550   0x00000020   Code   RO         1047    i.HAL_RCC_GetPCLK1Freq  stm32f1xx_hal_rcc.o
    0x08001570   0x08001570   0x00000020   Code   RO         1048    i.HAL_RCC_GetPCLK2Freq  stm32f1xx_hal_rcc.o
    0x08001590   0x08001590   0x0000006c   Code   RO         1049    i.HAL_RCC_GetSysClockFreq  stm32f1xx_hal_rcc.o
    0x080015fc   0x080015fc   0x00000320   Code   RO         1052    i.HAL_RCC_OscConfig  stm32f1xx_hal_rcc.o
    0x0800191c   0x0800191c   0x00000002   Code   RO         2517    i.HAL_TIMEx_BreakCallback  stm32f1xx_hal_tim_ex.o
    0x0800191e   0x0800191e   0x00000002   Code   RO         2518    i.HAL_TIMEx_CommutCallback  stm32f1xx_hal_tim_ex.o
    0x08001920   0x08001920   0x00000054   Code   RO         2520    i.HAL_TIMEx_ConfigBreakDeadTime  stm32f1xx_hal_tim_ex.o
    0x08001974   0x08001974   0x00000042   Code   RO         2535    i.HAL_TIMEx_MasterConfigSynchronization  stm32f1xx_hal_tim_ex.o
    0x080019b6   0x080019b6   0x00000036   Code   RO         1842    i.HAL_TIM_Base_Init  stm32f1xx_hal_tim.o
    0x080019ec   0x080019ec   0x00000070   Code   RO          553    i.HAL_TIM_Base_MspInit  tim.o
    0x08001a5c   0x08001a5c   0x00000022   Code   RO         1847    i.HAL_TIM_Base_Start_IT  stm32f1xx_hal_tim.o
    0x08001a7e   0x08001a7e   0x000000d6   Code   RO         1851    i.HAL_TIM_ConfigClockSource  stm32f1xx_hal_tim.o
    0x08001b54   0x08001b54   0x00000002   Code   RO         1871    i.HAL_TIM_IC_CaptureCallback  stm32f1xx_hal_tim.o
    0x08001b56   0x08001b56   0x00000166   Code   RO         1885    i.HAL_TIM_IRQHandler  stm32f1xx_hal_tim.o
    0x08001cbc   0x08001cbc   0x00000118   Code   RO          554    i.HAL_TIM_MspPostInit  tim.o
    0x08001dd4   0x08001dd4   0x00000002   Code   RO         1888    i.HAL_TIM_OC_DelayElapsedCallback  stm32f1xx_hal_tim.o
    0x08001dd6   0x08001dd6   0x000000d0   Code   RO         1909    i.HAL_TIM_PWM_ConfigChannel  stm32f1xx_hal_tim.o
    0x08001ea6   0x08001ea6   0x00000036   Code   RO         1912    i.HAL_TIM_PWM_Init  stm32f1xx_hal_tim.o
    0x08001edc   0x08001edc   0x00000002   Code   RO         1914    i.HAL_TIM_PWM_MspInit  stm32f1xx_hal_tim.o
    0x08001ede   0x08001ede   0x00000002   Code   RO         1915    i.HAL_TIM_PWM_PulseFinishedCallback  stm32f1xx_hal_tim.o
    0x08001ee0   0x08001ee0   0x00000044   Code   RO         1917    i.HAL_TIM_PWM_Start  stm32f1xx_hal_tim.o
    0x08001f24   0x08001f24   0x00000014   Code   RO          405    i.HAL_TIM_PeriodElapsedCallback  main.o
    0x08001f38   0x08001f38   0x00000002   Code   RO         1928    i.HAL_TIM_TriggerCallback  stm32f1xx_hal_tim.o
    0x08001f3a   0x08001f3a   0x00000002   Code   RO         2789    i.HAL_UART_ErrorCallback  stm32f1xx_hal_uart.o
    0x08001f3c   0x08001f3c   0x00000110   Code   RO         2792    i.HAL_UART_IRQHandler  stm32f1xx_hal_uart.o
    0x0800204c   0x0800204c   0x00000062   Code   RO         2793    i.HAL_UART_Init     stm32f1xx_hal_uart.o
    0x080020ae   0x080020ae   0x00000002   PAD
    0x080020b0   0x080020b0   0x000001a4   Code   RO          619    i.HAL_UART_MspInit  usart.o
    0x08002254   0x08002254   0x00000052   Code   RO         2798    i.HAL_UART_Receive_IT  stm32f1xx_hal_uart.o
    0x080022a6   0x080022a6   0x00000002   PAD
    0x080022a8   0x080022a8   0x0000010c   Code   RO          406    i.HAL_UART_RxCpltCallback  main.o
    0x080023b4   0x080023b4   0x000000ba   Code   RO         2801    i.HAL_UART_Transmit  stm32f1xx_hal_uart.o
    0x0800246e   0x0800246e   0x00000002   Code   RO         2804    i.HAL_UART_TxCpltCallback  stm32f1xx_hal_uart.o
    0x08002470   0x08002470   0x00000002   Code   RO          680    i.HardFault_Handler  stm32f1xx_it.o
    0x08002472   0x08002472   0x00000002   PAD
    0x08002474   0x08002474   0x00000094   Code   RO          263    i.IMU_Attitude_Control  task_servocontrol.o
    0x08002508   0x08002508   0x00000068   Code   RO          361    i.IMU_attitude_update  task_imu.o
    0x08002570   0x08002570   0x00000364   Code   RO         4390    i.Leg_Position_Vector  inverse_k.o
    0x080028d4   0x080028d4   0x00000224   Code   RO          362    i.MPU_Getdata       task_imu.o
    0x08002af8   0x08002af8   0x00000098   Code   RO          480    i.MX_FREERTOS_Init  freertos.o
    0x08002b90   0x08002b90   0x000000b8   Code   RO          456    i.MX_GPIO_Init      gpio.o
    0x08002c48   0x08002c48   0x000000ec   Code   RO          555    i.MX_TIM1_Init      tim.o
    0x08002d34   0x08002d34   0x000000b8   Code   RO          556    i.MX_TIM2_Init      tim.o
    0x08002dec   0x08002dec   0x000000bc   Code   RO          557    i.MX_TIM3_Init      tim.o
    0x08002ea8   0x08002ea8   0x000000bc   Code   RO          558    i.MX_TIM4_Init      tim.o
    0x08002f64   0x08002f64   0x00000038   Code   RO          620    i.MX_UART4_Init     usart.o
    0x08002f9c   0x08002f9c   0x00000038   Code   RO          621    i.MX_USART1_UART_Init  usart.o
    0x08002fd4   0x08002fd4   0x00000038   Code   RO          622    i.MX_USART2_UART_Init  usart.o
    0x0800300c   0x0800300c   0x00000038   Code   RO          623    i.MX_USART3_UART_Init  usart.o
    0x08003044   0x08003044   0x00000060   Code   RO           16    i.MainState_Update  task_statemachine.o
    0x080030a4   0x080030a4   0x00000002   Code   RO          681    i.MemManage_Handler  stm32f1xx_it.o
    0x080030a6   0x080030a6   0x00000002   Code   RO          682    i.NMI_Handler       stm32f1xx_it.o
    0x080030a8   0x080030a8   0x000000b4   Code   RO          265    i.Pos_Attitude_Control  task_servocontrol.o
    0x0800315c   0x0800315c   0x0000039c   Code   RO          266    i.Servo_Control     task_servocontrol.o
    0x080034f8   0x080034f8   0x00000078   Code   RO          221    i.Servo_Init        task_init.o
    0x08003570   0x08003570   0x0000005c   Code   RO          267    i.Stand             task_servocontrol.o
    0x080035cc   0x080035cc   0x00000bbc   Code   RO         4391    i.SupportingStatus_Trajectory  inverse_k.o
    0x08004188   0x08004188   0x00000f24   Code   RO         4392    i.SwayStatus_Trajectory  inverse_k.o
    0x080050ac   0x080050ac   0x0000002c   Code   RO         4311    i.SysTick_Handler   port.o
    0x080050d8   0x080050d8   0x0000004e   Code   RO          407    i.SystemClock_Config  main.o
    0x08005126   0x08005126   0x00000002   PAD
    0x08005128   0x08005128   0x00000048   Code   RO         3095    i.SystemInit        system_stm32f1xx.o
    0x08005170   0x08005170   0x0000000c   Code   RO          683    i.TIM8_UP_IRQHandler  stm32f1xx_it.o
    0x0800517c   0x0800517c   0x0000008c   Code   RO         1930    i.TIM_Base_SetConfig  stm32f1xx_hal_tim.o
    0x08005208   0x08005208   0x0000001a   Code   RO         1931    i.TIM_CCxChannelCmd  stm32f1xx_hal_tim.o
    0x08005222   0x08005222   0x00000014   Code   RO         1941    i.TIM_ETR_SetConfig  stm32f1xx_hal_tim.o
    0x08005236   0x08005236   0x00000010   Code   RO         1942    i.TIM_ITRx_SetConfig  stm32f1xx_hal_tim.o
    0x08005246   0x08005246   0x00000002   PAD
    0x08005248   0x08005248   0x00000060   Code   RO         1943    i.TIM_OC1_SetConfig  stm32f1xx_hal_tim.o
    0x080052a8   0x080052a8   0x0000006c   Code   RO         1944    i.TIM_OC2_SetConfig  stm32f1xx_hal_tim.o
    0x08005314   0x08005314   0x00000068   Code   RO         1945    i.TIM_OC3_SetConfig  stm32f1xx_hal_tim.o
    0x0800537c   0x0800537c   0x00000050   Code   RO         1946    i.TIM_OC4_SetConfig  stm32f1xx_hal_tim.o
    0x080053cc   0x080053cc   0x00000022   Code   RO         1948    i.TIM_TI1_ConfigInputStage  stm32f1xx_hal_tim.o
    0x080053ee   0x080053ee   0x00000024   Code   RO         1950    i.TIM_TI2_ConfigInputStage  stm32f1xx_hal_tim.o
    0x08005412   0x08005412   0x0000001a   Code   RO          268    i.Task_Control_Start  task_servocontrol.o
    0x0800542c   0x0800542c   0x00000074   Code   RO          363    i.Task_IMU_Start    task_imu.o
    0x080054a0   0x080054a0   0x0000009c   Code   RO          222    i.Task_Init_Start   task_init.o
    0x0800553c   0x0800553c   0x0000009c   Code   RO           17    i.Task_StateMachine_Start  task_statemachine.o
    0x080055d8   0x080055d8   0x000000f8   Code   RO          269    i.Trans_Angle       task_servocontrol.o
    0x080056d0   0x080056d0   0x00000110   Code   RO          270    i.Trot_Gait         task_servocontrol.o
    0x080057e0   0x080057e0   0x0000000c   Code   RO          684    i.UART4_IRQHandler  stm32f1xx_it.o
    0x080057ec   0x080057ec   0x00000010   Code   RO         2806    i.UART_DMAAbortOnError  stm32f1xx_hal_uart.o
    0x080057fc   0x080057fc   0x0000001c   Code   RO         2816    i.UART_EndRxTransfer  stm32f1xx_hal_uart.o
    0x08005818   0x08005818   0x00000096   Code   RO         2818    i.UART_Receive_IT   stm32f1xx_hal_uart.o
    0x080058ae   0x080058ae   0x00000002   PAD
    0x080058b0   0x080058b0   0x000000b8   Code   RO         2819    i.UART_SetConfig    stm32f1xx_hal_uart.o
    0x08005968   0x08005968   0x00000062   Code   RO         2820    i.UART_Transmit_IT  stm32f1xx_hal_uart.o
    0x080059ca   0x080059ca   0x00000064   Code   RO         2821    i.UART_WaitOnFlagUntilTimeout  stm32f1xx_hal_uart.o
    0x08005a2e   0x08005a2e   0x00000002   PAD
    0x08005a30   0x08005a30   0x0000000c   Code   RO          685    i.USART1_IRQHandler  stm32f1xx_it.o
    0x08005a3c   0x08005a3c   0x0000000c   Code   RO          686    i.USART2_IRQHandler  stm32f1xx_it.o
    0x08005a48   0x08005a48   0x0000000c   Code   RO          687    i.USART3_IRQHandler  stm32f1xx_it.o
    0x08005a54   0x08005a54   0x00000038   Code   RO         4560    i.Ultrasonic_Init   ultrasonic.o
    0x08005a8c   0x08005a8c   0x000000e0   Code   RO         4562    i.Ultrasonic_ProcessData  ultrasonic.o
    0x08005b6c   0x08005b6c   0x000001c4   Code   RO          271    i.Update_Control    task_servocontrol.o
    0x08005d30   0x08005d30   0x00000002   Code   RO          688    i.UsageFault_Handler  stm32f1xx_it.o
    0x08005d32   0x08005d32   0x00000002   PAD
    0x08005d34   0x08005d34   0x00000030   Code   RO         4936    i.__0snprintf       mc_w.l(printfa.o)
    0x08005d64   0x08005d64   0x0000002c   Code   RO         4940    i.__0vsnprintf      mc_w.l(printfa.o)
    0x08005d90   0x08005d90   0x00000028   Code   RO         5016    i.__ARM_fpclassify  m_ws.l(fpclassify.o)
    0x08005db8   0x08005db8   0x00000020   Code   RO         1353    i.__NVIC_SetPriority  stm32f1xx_hal_cortex.o
    0x08005dd8   0x08005dd8   0x00000388   Code   RO         5021    i.__ieee754_rem_pio2  m_ws.l(rred.o)
    0x08006160   0x08006160   0x000000fc   Code   RO         4999    i.__kernel_cos      m_ws.l(cos_i.o)
    0x0800625c   0x0800625c   0x000000aa   Code   RO         5018    i.__kernel_poly     m_ws.l(poly.o)
    0x08006306   0x08006306   0x00000002   PAD
    0x08006308   0x08006308   0x000000ec   Code   RO         5026    i.__kernel_sin      m_ws.l(sin_i.o)
    0x080063f4   0x080063f4   0x00000010   Code   RO         5002    i.__mathlib_dbl_divzero  m_ws.l(dunder.o)
    0x08006404   0x08006404   0x00000006   Code   RO         5003    i.__mathlib_dbl_infnan  m_ws.l(dunder.o)
    0x0800640a   0x0800640a   0x00000004   Code   RO         5004    i.__mathlib_dbl_infnan2  m_ws.l(dunder.o)
    0x0800640e   0x0800640e   0x0000000c   Code   RO         5005    i.__mathlib_dbl_invalid  m_ws.l(dunder.o)
    0x0800641a   0x0800641a   0x0000000e   Code   RO         5006    i.__mathlib_dbl_overflow  m_ws.l(dunder.o)
    0x08006428   0x08006428   0x00000010   Code   RO         5008    i.__mathlib_dbl_underflow  m_ws.l(dunder.o)
    0x08006438   0x08006438   0x0000000e   Code   RO         5083    i.__scatterload_copy  mc_w.l(handlers.o)
    0x08006446   0x08006446   0x00000002   Code   RO         5084    i.__scatterload_null  mc_w.l(handlers.o)
    0x08006448   0x08006448   0x0000000e   Code   RO         5085    i.__scatterload_zeroinit  mc_w.l(handlers.o)
    0x08006456   0x08006456   0x00000002   PAD
    0x08006458   0x08006458   0x0000000c   Code   RO         5057    i.__set_errno       mc_w.l(errno.o)
    0x08006464   0x08006464   0x00000184   Code   RO         4942    i._fp_digits        mc_w.l(printfa.o)
    0x080065e8   0x080065e8   0x000006dc   Code   RO         4943    i._printf_core      mc_w.l(printfa.o)
    0x08006cc4   0x08006cc4   0x00000024   Code   RO         4944    i._printf_post_padding  mc_w.l(printfa.o)
    0x08006ce8   0x08006ce8   0x0000002e   Code   RO         4945    i._printf_pre_padding  mc_w.l(printfa.o)
    0x08006d16   0x08006d16   0x00000016   Code   RO         4946    i._snputc           mc_w.l(printfa.o)
    0x08006d2c   0x08006d2c   0x0000027c   Code   RO         4626    i.acos              m_ws.l(acos.o)
    0x08006fa8   0x08006fa8   0x00000270   Code   RO         4636    i.asin              m_ws.l(asin.o)
    0x08007218   0x08007218   0x00000220   Code   RO         4990    i.atan              m_ws.l(atan.o)
    0x08007438   0x08007438   0x00000180   Code   RO         4646    i.atan2             m_ws.l(atan2.o)
    0x080075b8   0x080075b8   0x0000009c   Code   RO         4654    i.cos               m_ws.l(cos.o)
    0x08007654   0x08007654   0x0000000c   Code   RO         3880    i.inHandlerMode     cmsis_os.o
    0x08007660   0x08007660   0x00000298   Code   RO         4393    i.inverse_kinematics  inverse_k.o
    0x080078f8   0x080078f8   0x00000064   Code   RO          408    i.main              main.o
    0x0800795c   0x0800795c   0x0000000c   Code   RO         3882    i.makeFreeRtosPriority  cmsis_os.o
    0x08007968   0x08007968   0x0000000a   Code   RO         3887    i.osKernelStart     cmsis_os.o
    0x08007972   0x08007972   0x00000002   PAD
    0x08007974   0x08007974   0x0000005c   Code   RO         3891    i.osMailCreate      cmsis_os.o
    0x080079d0   0x080079d0   0x00000090   Code   RO         3893    i.osMailGet         cmsis_os.o
    0x08007a60   0x08007a60   0x0000005c   Code   RO         3894    i.osMailPut         cmsis_os.o
    0x08007abc   0x08007abc   0x0000005e   Code   RO         3908    i.osPoolCreate      cmsis_os.o
    0x08007b1a   0x08007b1a   0x00000054   Code   RO         3921    i.osThreadCreate    cmsis_os.o
    0x08007b6e   0x08007b6e   0x00000002   PAD
    0x08007b70   0x08007b70   0x000009d8   Code   RO         4662    i.pow               m_ws.l(pow.o)
    0x08008548   0x08008548   0x00000070   Code   RO         3573    i.prvAddCurrentTaskToDelayedList  tasks.o
    0x080085b8   0x080085b8   0x000000d0   Code   RO         3574    i.prvAddNewTaskToReadyList  tasks.o
    0x08008688   0x08008688   0x00000026   Code   RO         3261    i.prvCopyDataFromQueue  queue.o
    0x080086ae   0x080086ae   0x0000006c   Code   RO         3262    i.prvCopyDataToQueue  queue.o
    0x0800871a   0x0800871a   0x00000034   Code   RO         3575    i.prvDeleteTCB      tasks.o
    0x0800874e   0x0800874e   0x00000002   PAD
    0x08008750   0x08008750   0x0000004c   Code   RO         4249    i.prvHeapInit       heap_4.o
    0x0800879c   0x0800879c   0x00000060   Code   RO         3576    i.prvIdleTask       tasks.o
    0x080087fc   0x080087fc   0x00000016   Code   RO         3264    i.prvInitialiseNewQueue  queue.o
    0x08008812   0x08008812   0x0000008e   Code   RO         3577    i.prvInitialiseNewTask  tasks.o
    0x080088a0   0x080088a0   0x0000004c   Code   RO         4250    i.prvInsertBlockIntoFreeList  heap_4.o
    0x080088ec   0x080088ec   0x0000001c   Code   RO         3265    i.prvIsQueueEmpty   queue.o
    0x08008908   0x08008908   0x00000020   Code   RO         3578    i.prvResetNextTaskUnblockTime  tasks.o
    0x08008928   0x08008928   0x00000028   Code   RO         4312    i.prvTaskExitError  port.o
    0x08008950   0x08008950   0x0000006a   Code   RO         3266    i.prvUnlockQueue    queue.o
    0x080089ba   0x080089ba   0x00000002   PAD
    0x080089bc   0x080089bc   0x000000d8   Code   RO         4251    i.pvPortMalloc      heap_4.o
    0x08008a94   0x08008a94   0x00000024   Code   RO         4313    i.pxPortInitialiseStack  port.o
    0x08008ab8   0x08008ab8   0x000000a0   Code   RO         4672    i.sin               m_ws.l(sin.o)
    0x08008b58   0x08008b58   0x0000004c   Code   RO         4680    i.sqrt              m_ws.l(sqrt.o)
    0x08008ba4   0x08008ba4   0x00000026   Code   RO         3224    i.uxListRemove      list.o
    0x08008bca   0x08008bca   0x00000002   PAD
    0x08008bcc   0x08008bcc   0x00000014   Code   RO          485    i.vApplicationGetIdleTaskMemory  freertos.o
    0x08008be0   0x08008be0   0x00000016   Code   RO         3225    i.vListInitialise   list.o
    0x08008bf6   0x08008bf6   0x00000006   Code   RO         3226    i.vListInitialiseItem  list.o
    0x08008bfc   0x08008bfc   0x00000030   Code   RO         3227    i.vListInsert       list.o
    0x08008c2c   0x08008c2c   0x00000018   Code   RO         3228    i.vListInsertEnd    list.o
    0x08008c44   0x08008c44   0x00000040   Code   RO         4315    i.vPortEnterCritical  port.o
    0x08008c84   0x08008c84   0x00000028   Code   RO         4316    i.vPortExitCritical  port.o
    0x08008cac   0x08008cac   0x0000005c   Code   RO         4252    i.vPortFree         heap_4.o
    0x08008d08   0x08008d08   0x00000024   Code   RO         4317    i.vPortSetupTimerInterrupt  port.o
    0x08008d2c   0x08008d2c   0x00000054   Code   RO         4318    i.vPortValidateInterruptPriority  port.o
    0x08008d80   0x08008d80   0x0000008c   Code   RO         3587    i.vTaskDelayUntil   tasks.o
    0x08008e0c   0x08008e0c   0x000000ac   Code   RO         3588    i.vTaskDelete       tasks.o
    0x08008eb8   0x08008eb8   0x00000010   Code   RO         3590    i.vTaskInternalSetTimeOutState  tasks.o
    0x08008ec8   0x08008ec8   0x0000000c   Code   RO         3591    i.vTaskMissedYield  tasks.o
    0x08008ed4   0x08008ed4   0x00000030   Code   RO         3593    i.vTaskPlaceOnEventList  tasks.o
    0x08008f04   0x08008f04   0x0000006c   Code   RO         3600    i.vTaskStartScheduler  tasks.o
    0x08008f70   0x08008f70   0x00000010   Code   RO         3602    i.vTaskSuspendAll   tasks.o
    0x08008f80   0x08008f80   0x0000005c   Code   RO         3603    i.vTaskSwitchContext  tasks.o
    0x08008fdc   0x08008fdc   0x000000a8   Code   RO         4319    i.xPortStartScheduler  port.o
    0x08009084   0x08009084   0x00000048   Code   RO         3275    i.xQueueGenericCreate  queue.o
    0x080090cc   0x080090cc   0x00000088   Code   RO         3277    i.xQueueGenericReset  queue.o
    0x08009154   0x08009154   0x00000160   Code   RO         3278    i.xQueueGenericSend  queue.o
    0x080092b4   0x080092b4   0x000000bc   Code   RO         3279    i.xQueueGenericSendFromISR  queue.o
    0x08009370   0x08009370   0x00000138   Code   RO         3285    i.xQueueReceive     queue.o
    0x080094a8   0x080094a8   0x0000009a   Code   RO         3286    i.xQueueReceiveFromISR  queue.o
    0x08009542   0x08009542   0x00000002   PAD
    0x08009544   0x08009544   0x00000074   Code   RO         3604    i.xTaskCheckForTimeOut  tasks.o
    0x080095b8   0x080095b8   0x0000005a   Code   RO         3605    i.xTaskCreate       tasks.o
    0x08009612   0x08009612   0x00000056   Code   RO         3606    i.xTaskCreateStatic  tasks.o
    0x08009668   0x08009668   0x0000001c   Code   RO         3610    i.xTaskGetSchedulerState  tasks.o
    0x08009684   0x08009684   0x0000000c   Code   RO         3611    i.xTaskGetTickCount  tasks.o
    0x08009690   0x08009690   0x000000c8   Code   RO         3613    i.xTaskIncrementTick  tasks.o
    0x08009758   0x08009758   0x00000098   Code   RO         3616    i.xTaskPriorityDisinherit  tasks.o
    0x080097f0   0x080097f0   0x00000074   Code   RO         3618    i.xTaskRemoveFromEventList  tasks.o
    0x08009864   0x08009864   0x000000c4   Code   RO         3619    i.xTaskResumeAll    tasks.o
    0x08009928   0x08009928   0x00000088   Data   RO          487    .constdata          freertos.o
    0x080099b0   0x080099b0   0x00000010   Data   RO         3096    .constdata          system_stm32f1xx.o
    0x080099c0   0x080099c0   0x00000008   Data   RO         3097    .constdata          system_stm32f1xx.o
    0x080099c8   0x080099c8   0x0000006c   Data   RO         4395    .constdata          inverse_k.o
    0x08009a34   0x08009a34   0x00000010   Data   RO         4501    .constdata          debug_output.o
    0x08009a44   0x08009a44   0x00000004   PAD
    0x08009a48   0x08009a48   0x00000050   Data   RO         4627    .constdata          m_ws.l(acos.o)
    0x08009a98   0x08009a98   0x00000050   Data   RO         4637    .constdata          m_ws.l(asin.o)
    0x08009ae8   0x08009ae8   0x00000088   Data   RO         4663    .constdata          m_ws.l(pow.o)
    0x08009b70   0x08009b70   0x00000098   Data   RO         4991    .constdata          m_ws.l(atan.o)
    0x08009c08   0x08009c08   0x00000030   Data   RO         5000    .constdata          m_ws.l(cos_i.o)
    0x08009c38   0x08009c38   0x00000008   Data   RO         5020    .constdata          m_ws.l(qnan.o)
    0x08009c40   0x08009c40   0x000000c8   Data   RO         5023    .constdata          m_ws.l(rred.o)
    0x08009d08   0x08009d08   0x00000028   Data   RO         5027    .constdata          m_ws.l(sin_i.o)
    0x08009d30   0x08009d30   0x00000032   Data   RO          488    .conststring        freertos.o
    0x08009d62   0x08009d62   0x00000002   PAD
    0x08009d64   0x08009d64   0x00000020   Data   RO         4502    .conststring        debug_output.o
    0x08009d84   0x08009d84   0x00000020   Data   RO         5081    Region$$Table       anon$$obj.o


    Execution Region RW_IRAM1 (Exec base: 0x20000000, Load base: 0x08009da4, Size: 0x00001958, Max: 0x00010000, ABSOLUTE)

    Exec Addr    Load Addr    Size         Type   Attr      Idx    E Section Name        Object

    0x20000000   0x08009da4   0x00000008   Data   RW           20    .data               task_statemachine.o
    0x20000008   0x08009dac   0x00000030   Data   RW          273    .data               task_servocontrol.o
    0x20000038   0x08009ddc   0x0000000c   Data   RW          365    .data               task_imu.o
    0x20000044   0x08009de8   0x00000003   Data   RW          410    .data               main.o
    0x20000047   0x08009deb   0x00000001   PAD
    0x20000048   0x08009dec   0x00000018   Data   RW          489    .data               freertos.o
    0x20000060   0x08009e04   0x0000000c   Data   RW          890    .data               stm32f1xx_hal.o
    0x2000006c   0x08009e10   0x00000004   Data   RW         3098    .data               system_stm32f1xx.o
    0x20000070   0x08009e14   0x0000003c   Data   RW         3622    .data               tasks.o
    0x200000ac   0x08009e50   0x00000018   Data   RW         4257    .data               heap_4.o
    0x200000c4   0x08009e68   0x0000000c   Data   RW         4320    .data               port.o
    0x200000d0   0x08009e74   0x00000001   Data   RW         4503    .data               debug_output.o
    0x200000d1   0x08009e75   0x00000003   PAD
    0x200000d4   0x08009e78   0x00000004   Data   RW         5058    .data               mc_w.l(errno.o)
    0x200000d8        -       0x0000000c   Zero   RW           18    .bss                task_statemachine.o
    0x200000e4        -       0x00000018   Zero   RW          272    .bss                task_servocontrol.o
    0x200000fc        -       0x0000000c   Zero   RW          364    .bss                task_imu.o
    0x20000108        -       0x0000005c   Zero   RW          409    .bss                main.o
    0x20000164        -       0x00000254   Zero   RW          486    .bss                freertos.o
    0x200003b8        -       0x00000100   Zero   RW          559    .bss                tim.o
    0x200004b8        -       0x00000100   Zero   RW          624    .bss                usart.o
    0x200005b8        -       0x00000040   Zero   RW          793    .bss                stm32f1xx_hal_timebase_tim.o
    0x200005f8        -       0x000000f0   Zero   RW         3621    .bss                tasks.o
    0x200006e8        -       0x00000c00   Zero   RW         4256    .bss                heap_4.o
    0x200012e8        -       0x00000030   Zero   RW         4394    .bss                inverse_k.o
    0x20001318        -       0x00000030   Zero   RW         4445    .bss                mpu6050.o
    0x20001348        -       0x00000200   Zero   RW         4500    .bss                debug_output.o
    0x20001548        -       0x0000000c   Zero   RW         4563    .bss                ultrasonic.o
    0x20001554   0x08009e7c   0x00000004   PAD
    0x20001558        -       0x00000400   Zero   RW            1    STACK               startup_stm32f103xe.o


==============================================================================

Image component sizes


      Code (inc. data)   RO Data    RW Data    ZI Data      Debug   Object Name

       540          8          0          0          0      29661   cmsis_os.o
       368        142         48          1        512       4813   debug_output.o
       416        336          0          0          0        533   debug_test.o
         0          0          0          0          0      16880   event_groups.o
       172         12        186         24        596       7332   freertos.o
       184         14          0          0          0       1051   gpio.o
       460         24          0         24       3072       7519   heap_4.o
      8412        502        108          0         48       5954   inverse_k.o
       138          0          0          0          0       3642   list.o
       468         86          0          3         92       4092   main.o
         0          0          0          0         48       1391   mpu6050.o
       662         70          0         12          0      11633   port.o
      1516         14          0          0          0      14365   queue.o
        36          8        304          0       1024        832   startup_stm32f103xe.o
       100         18          0         12          0       6130   stm32f1xx_hal.o
       158         14          0          0          0      28390   stm32f1xx_hal_cortex.o
       304          8          0          0          0       1247   stm32f1xx_hal_dma.o
       528         42          0          0          0       3665   stm32f1xx_hal_gpio.o
        72         10          0          0          0        926   stm32f1xx_hal_msp.o
      1336        110          0          0          0       6101   stm32f1xx_hal_rcc.o
      1660         66          0          0          0      16706   stm32f1xx_hal_tim.o
       154          0          0          0          0       3341   stm32f1xx_hal_tim_ex.o
       116         18          0          0         64       1519   stm32f1xx_hal_timebase_tim.o
      1218         12          0          0          0       9851   stm32f1xx_hal_uart.o
        72         30          0          0          0       5113   stm32f1xx_it.o
         0          0          0          0          0        392   stream_buffer.o
        72         16         24          4          0       1283   system_stm32f1xx.o
       768        122          0         12         12       2841   task_imu.o
       276        118          0          0          0       1930   task_init.o
      2342        186          0         48         24      22044   task_servocontrol.o
       380         62          0          8         12     518842   task_statemachine.o
      2242        166          0         60        240      24269   tasks.o
      1188         88          0          0        256       5227   tim.o
       280        162          0          0         12       1941   ultrasonic.o
       644         72          0          0        256       3899   usart.o

    ----------------------------------------------------------------------
     27316       2536        708        212       6272     775355   Object Totals
         0          0         32          0          0          0   (incl. Generated)
        34          0          6          4          4          0   (incl. Padding)

    ----------------------------------------------------------------------

      Code (inc. data)   RO Data    RW Data    ZI Data      Debug   Library Member Name

       636         62         80          0          0        188   acos.o
       624         52         80          0          0        168   asin.o
       544         70        152          0          0        124   atan.o
       384         38          0          0          0        144   atan2.o
       156          8          0          0          0        104   cos.o
       252         22         48          0          0        124   cos_i.o
        68         10          0          0          0        408   dunder.o
        40          0          0          0          0         68   fpclassify.o
       170          0          0          0          0         96   poly.o
      2520        190        136          0          0        324   pow.o
         0          0          8          0          0          0   qnan.o
       904         76        200          0          0        140   rred.o
       160         10          0          0          0        108   sin.o
       236         12         40          0          0        128   sin_i.o
        76          0          0          0          0         84   sqrt.o
         0          0          0          0          0          0   entry.o
         0          0          0          0          0          0   entry10a.o
         0          0          0          0          0          0   entry11a.o
         8          4          0          0          0          0   entry2.o
         4          0          0          0          0          0   entry5.o
         0          0          0          0          0          0   entry7b.o
         0          0          0          0          0          0   entry8b.o
         8          4          0          0          0          0   entry9a.o
        12          6          0          4          0         68   errno.o
        30          0          0          0          0          0   handlers.o
        36          8          0          0          0         68   init.o
         0          0          0          0          0          0   iusefp.o
        30          0          0          0          0         68   llshl.o
        36          0          0          0          0         68   llsshr.o
        32          0          0          0          0         68   llushr.o
        36          0          0          0          0         68   memcpya.o
        36          0          0          0          0        108   memseta.o
      2340         88          0          0          0        600   printfa.o
        14          0          0          0          0         68   strlen.o
        44          0          0          0          0         80   uidiv.o
        98          0          0          0          0         92   uldiv.o
        48          0          0          0          0         68   cdrcmple.o
        56          0          0          0          0         88   d2f.o
       334          0          0          0          0        148   dadd.o
       222          0          0          0          0        100   ddiv.o
       186          0          0          0          0        176   depilogue.o
        62          0          0          0          0         80   dfixi.o
        48          0          0          0          0         68   dfixul.o
        34          0          0          0          0         76   dflti.o
        26          0          0          0          0         76   dfltui.o
       228          0          0          0          0         96   dmul.o
        46          0          0          0          0         80   dscalb.o
       162          0          0          0          0        100   dsqrt.o
        38          0          0          0          0         68   f2d.o
       176          0          0          0          0        140   fadd.o
       124          0          0          0          0         88   fdiv.o
       110          0          0          0          0        168   fepilogue.o
        40          0          0          0          0         68   ffixui.o
        10          0          0          0          0         68   ffltui.o
       100          0          0          0          0         76   fmul.o

    ----------------------------------------------------------------------
     11588        660        744          4          0       5396   Library Totals
         4          0          0          0          0          0   (incl. Padding)

    ----------------------------------------------------------------------

      Code (inc. data)   RO Data    RW Data    ZI Data      Debug   Library Name

      6770        550        744          0          0       2208   m_ws.l
      2764        110          0          4          0       1356   mc_w.l
      2050          0          0          0          0       1832   mf_w.l

    ----------------------------------------------------------------------
     11588        660        744          4          0       5396   Library Totals

    ----------------------------------------------------------------------

==============================================================================


      Code (inc. data)   RO Data    RW Data    ZI Data      Debug   

     38904       3196       1452        216       6272     769047   Grand Totals
     38904       3196       1452        216       6272     769047   ELF Image Totals
     38904       3196       1452        216          0          0   ROM Totals

==============================================================================

    Total RO  Size (Code + RO Data)                40356 (  39.41kB)
    Total RW  Size (RW Data + ZI Data)              6488 (   6.34kB)
    Total ROM Size (Code + RO Data + RW Data)      40572 (  39.62kB)

==============================================================================

